Archive member included to satisfy reference by file (symbol)

Generated_Source\PSoC6\pdl\middleware\ble\lib\cy_ble_stack_gcc_host_ipc_cm4.a(CyBleStackMgrIP_Interface.o)
                              .\CortexM4\ARM_GCC_541\Debug\cy_ble.o (Cy_BLE_EnablePrivacyFeature)
Generated_Source\PSoC6\pdl\middleware\ble\lib\cy_ble_stack_gcc_host_ipc_cm4.a(BT_os.o)
                              Generated_Source\PSoC6\pdl\middleware\ble\lib\cy_ble_stack_gcc_host_ipc_cm4.a(CyBleStackMgrIP_Interface.o) (cyBleStackMemoryConfig)
Generated_Source\PSoC6\pdl\middleware\ble\lib\cy_ble_stack_gcc_host_ipc_cm4.a(CyBleStackMgr_StackTaskHandler.o)
                              Generated_Source\PSoC6\pdl\middleware\ble\lib\cy_ble_stack_gcc_host_ipc_cm4.a(CyBleStackMgrIP_Interface.o) (CyBle_CreateBleStackTask)
Generated_Source\PSoC6\pdl\middleware\ble\lib\cy_ble_stack_gcc_host_ipc_cm4.a(storage_pl.o)
                              Generated_Source\PSoC6\pdl\middleware\ble\lib\cy_ble_stack_gcc_host_ipc_cm4.a(CyBleStackMgrIP_Interface.o) (storage_manager_init)
Generated_Source\PSoC6\pdl\middleware\ble\lib\cy_ble_stack_gcc_host_ipc_cm4.a(mint_os.o)
                              Generated_Source\PSoC6\pdl\middleware\ble\lib\cy_ble_stack_gcc_host_ipc_cm4.a(CyBleStackMgrIP_Interface.o) (OS_init)
Generated_Source\PSoC6\pdl\middleware\ble\lib\cy_ble_stack_gcc_host_ipc_cm4.a(mint_os_queue.o)
                              Generated_Source\PSoC6\pdl\middleware\ble\lib\cy_ble_stack_gcc_host_ipc_cm4.a(mint_os.o) (OS_TOTAL_QUEUES)
Generated_Source\PSoC6\pdl\middleware\ble\lib\cy_ble_stack_gcc_host_ipc_cm4.a(mint_os_task.o)
                              Generated_Source\PSoC6\pdl\middleware\ble\lib\cy_ble_stack_gcc_host_ipc_cm4.a(mint_os.o) (idle_func_handler)
Generated_Source\PSoC6\pdl\middleware\ble\lib\cy_ble_stack_gcc_host_ipc_cm4.a(mint_buf_mgmt.o)
                              Generated_Source\PSoC6\pdl\middleware\ble\lib\cy_ble_stack_gcc_host_ipc_cm4.a(BT_os.o) (mint_buf_mgmt_allocate_buffer)
Generated_Source\PSoC6\pdl\middleware\ble\lib\cy_ble_stack_gcc_host_ipc_cm4.a(transport_ipc.o)
                              Generated_Source\PSoC6\pdl\middleware\ble\lib\cy_ble_stack_gcc_host_ipc_cm4.a(CyBleStackMgr_StackTaskHandler.o) (CyBleHost_HciIpcFreePktBuffer)
Generated_Source\PSoC6\pdl\middleware\ble\lib\cy_ble_stack_gcc_host_ipc_cm4.a(CyBleStackMgr_PSoCIPCHal.o)
                              Generated_Source\PSoC6\pdl\middleware\ble\lib\cy_ble_stack_gcc_host_ipc_cm4.a(transport_ipc.o) (CyBleHost_IPC_HAL_InitWithStaticMem)
Generated_Source\PSoC6\pdl\middleware\ble\lib\cy_ble_stack_gcc_host_ipc_cm4.a(host_main.o)
                              Generated_Source\PSoC6\pdl\middleware\ble\lib\cy_ble_stack_gcc_host_ipc_cm4.a(CyBleStackMgrIP_Interface.o) (CyBle_HostInit)
Generated_Source\PSoC6\pdl\middleware\ble\lib\cy_ble_stack_gcc_host_ipc_cm4.a(att_api.o)
                              Generated_Source\PSoC6\pdl\middleware\ble\lib\cy_ble_stack_gcc_host_ipc_cm4.a(host_main.o) (BT_att_register)
Generated_Source\PSoC6\pdl\middleware\ble\lib\cy_ble_stack_gcc_host_ipc_cm4.a(att_init.o)
                              Generated_Source\PSoC6\pdl\middleware\ble\lib\cy_ble_stack_gcc_host_ipc_cm4.a(att_api.o) (att_connections)
Generated_Source\PSoC6\pdl\middleware\ble\lib\cy_ble_stack_gcc_host_ipc_cm4.a(att_internal.o)
                              Generated_Source\PSoC6\pdl\middleware\ble\lib\cy_ble_stack_gcc_host_ipc_cm4.a(att_api.o) (att_get_fsm_event)
Generated_Source\PSoC6\pdl\middleware\ble\lib\cy_ble_stack_gcc_host_ipc_cm4.a(BT_common.o)
                              Generated_Source\PSoC6\pdl\middleware\ble\lib\cy_ble_stack_gcc_host_ipc_cm4.a(host_main.o) (BT_bluetooth_off)
Generated_Source\PSoC6\pdl\middleware\ble\lib\cy_ble_stack_gcc_host_ipc_cm4.a(device_queue.o)
                              Generated_Source\PSoC6\pdl\middleware\ble\lib\cy_ble_stack_gcc_host_ipc_cm4.a(host_main.o) (CyBle_DeviceQueueHeapDeInit)
Generated_Source\PSoC6\pdl\middleware\ble\lib\cy_ble_stack_gcc_host_ipc_cm4.a(l2cap.o)
                              Generated_Source\PSoC6\pdl\middleware\ble\lib\cy_ble_stack_gcc_host_ipc_cm4.a(host_main.o) (CyBle_L2capCB)
Generated_Source\PSoC6\pdl\middleware\ble\lib\cy_ble_stack_gcc_host_ipc_cm4.a(l2cap_disconnect.o)
                              Generated_Source\PSoC6\pdl\middleware\ble\lib\cy_ble_stack_gcc_host_ipc_cm4.a(l2cap.o) (l2ca_disconnect_req)
Generated_Source\PSoC6\pdl\middleware\ble\lib\cy_ble_stack_gcc_host_ipc_cm4.a(l2cap_init.o)
                              Generated_Source\PSoC6\pdl\middleware\ble\lib\cy_ble_stack_gcc_host_ipc_cm4.a(l2cap_disconnect.o) (l2cap_fixed_channel)
Generated_Source\PSoC6\pdl\middleware\ble\lib\cy_ble_stack_gcc_host_ipc_cm4.a(l2cap_utils.o)
                              Generated_Source\PSoC6\pdl\middleware\ble\lib\cy_ble_stack_gcc_host_ipc_cm4.a(l2cap_disconnect.o) (l2cap_buffer_dequeue)
Generated_Source\PSoC6\pdl\middleware\ble\lib\cy_ble_stack_gcc_host_ipc_cm4.a(l2cap_lmp.o)
[...]
Memory Configuration

Name             Origin             Length             Attributes
ram              0x08024000         0x00023800         xrw
flash            0x10080000         0x00080000         xr
em_eeprom        0x14000000         0x00008000         xr
sflash_user_data 0x16000800         0x00000800         xr
sflash_nar       0x16001a00         0x00000200         xr
sflash_public_key 0x16005a00         0x00000c00         xr
sflash_toc_2     0x16007c00         0x00000200         xr
sflash_rtoc_2    0x16007e00         0x00000200         xr
xip              0x18000000         0x08000000         xr
efuse            0x90700000         0x00100000         r
*default*        0x00000000         0xffffffff

Linker script and memory map

LOAD c:/program files (x86)/cypress/psoc creator/4.4/psoc creator/import/gnu/arm/5.4.1/bin/../lib/gcc/arm-none-eabi/5.4.1/armv7e-m/softfp/crti.o
LOAD c:/program files (x86)/cypress/psoc creator/4.4/psoc creator/import/gnu/arm/5.4.1/bin/../lib/gcc/arm-none-eabi/5.4.1/armv7e-m/softfp/crtbegin.o
LOAD c:/program files (x86)/cypress/psoc creator/4.4/psoc creator/import/gnu/arm/5.4.1/bin/../lib/gcc/arm-none-eabi/5.4.1/../../../../arm-none-eabi/lib/armv7e-m/softfp/crt0.o
START GROUP
LOAD Generated_Source\PSoC6\pdl\middleware\ble\lib\cy_ble_stack_gcc_host_ipc_cm4.a
LOAD .\CortexM4\ARM_GCC_541\Debug\startup_psoc6_01_cm4.o
LOAD .\CortexM4\ARM_GCC_541\Debug\sensorDriver.o
LOAD .\CortexM4\ARM_GCC_541\Debug\main_cm4.o
LOAD .\CortexM4\ARM_GCC_541\Debug\system_psoc6_cm4.o
LOAD .\CortexM4\ARM_GCC_541\Debug\stdio_user.o
LOAD .\CortexM4\ARM_GCC_541\Debug\cyfitter_sysint_cfg.o
LOAD .\CortexM4\ARM_GCC_541\Debug\cymetadata.o
LOAD .\CortexM4\ARM_GCC_541\Debug\cy_efuse.o
LOAD .\CortexM4\ARM_GCC_541\Debug\cy_flash.o
LOAD .\CortexM4\ARM_GCC_541\Debug\cy_gpio.o
LOAD .\CortexM4\ARM_GCC_541\Debug\cy_ipc_drv.o
LOAD .\CortexM4\ARM_GCC_541\Debug\cy_ipc_sema.o
LOAD .\CortexM4\ARM_GCC_541\Debug\cy_ipc_pipe.o
LOAD .\CortexM4\ARM_GCC_541\Debug\cy_lvd.o
LOAD .\CortexM4\ARM_GCC_541\Debug\cy_profile.o
LOAD .\CortexM4\ARM_GCC_541\Debug\cy_prot.o
LOAD .\CortexM4\ARM_GCC_541\Debug\cy_scb_common.o
LOAD .\CortexM4\ARM_GCC_541\Debug\cy_scb_i2c.o
LOAD .\CortexM4\ARM_GCC_541\Debug\cy_scb_ezi2c.o
LOAD .\CortexM4\ARM_GCC_541\Debug\cy_scb_spi.o
LOAD .\CortexM4\ARM_GCC_541\Debug\cy_scb_uart.o
LOAD .\CortexM4\ARM_GCC_541\Debug\cy_sysanalog.o
LOAD .\CortexM4\ARM_GCC_541\Debug\cy_sysclk.o
LOAD .\CortexM4\ARM_GCC_541\Debug\cy_sysint.o
LOAD .\CortexM4\ARM_GCC_541\Debug\cy_syslib.o
LOAD .\CortexM4\ARM_GCC_541\Debug\cy_syslib_gcc.o
LOAD .\CortexM4\ARM_GCC_541\Debug\cy_syspm.o
LOAD .\CortexM4\ARM_GCC_541\Debug\cy_systick.o
LOAD .\CortexM4\ARM_GCC_541\Debug\cy_trigmux.o
LOAD .\CortexM4\ARM_GCC_541\Debug\cy_wdt.o
LOAD .\CortexM4\ARM_GCC_541\Debug\cy_device.o
LOAD .\CortexM4\ARM_GCC_541\Debug\cy_ble_clk.o
LOAD .\CortexM4\ARM_GCC_541\Debug\cy_ble.o
LOAD .\CortexM4\ARM_GCC_541\Debug\cy_ble_hal_int.o
LOAD .\CortexM4\ARM_GCC_541\Debug\cy_ble_hal_pvt.o
LOAD .\CortexM4\ARM_GCC_541\Debug\cy_ble_gap.o
LOAD .\CortexM4\ARM_GCC_541\Debug\cy_ble_gatt.o
LOAD .\CortexM4\ARM_GCC_541\Debug\cy_ble_event_handler.o
LOAD .\CortexM4\ARM_GCC_541\Debug\cy_ble_ancs.o
LOAD .\CortexM4\ARM_GCC_541\Debug\cy_ble_ans.o
LOAD .\CortexM4\ARM_GCC_541\Debug\cy_ble_aios.o
LOAD .\CortexM4\ARM_GCC_541\Debug\cy_ble_bas.o
LOAD .\CortexM4\ARM_GCC_541\Debug\cy_ble_bcs.o
LOAD .\CortexM4\ARM_GCC_541\Debug\cy_ble_bls.o
LOAD .\CortexM4\ARM_GCC_541\Debug\cy_ble_bms.o
LOAD .\CortexM4\ARM_GCC_541\Debug\cy_ble_bts.o
LOAD .\CortexM4\ARM_GCC_541\Debug\cy_ble_cgms.o
LOAD .\CortexM4\ARM_GCC_541\Debug\cy_ble_cps.o
LOAD .\CortexM4\ARM_GCC_541\Debug\cy_ble_cscs.o
LOAD .\CortexM4\ARM_GCC_541\Debug\cy_ble_cts.o
LOAD .\CortexM4\ARM_GCC_541\Debug\cy_ble_custom.o
LOAD .\CortexM4\ARM_GCC_541\Debug\cy_ble_dis.o
LOAD .\CortexM4\ARM_GCC_541\Debug\cy_ble_ess.o
LOAD .\CortexM4\ARM_GCC_541\Debug\cy_ble_gls.o
LOAD .\CortexM4\ARM_GCC_541\Debug\cy_ble_hids.o
LOAD .\CortexM4\ARM_GCC_541\Debug\cy_ble_hps.o
LOAD .\CortexM4\ARM_GCC_541\Debug\cy_ble_hrs.o
LOAD .\CortexM4\ARM_GCC_541\Debug\cy_ble_hts.o
LOAD .\CortexM4\ARM_GCC_541\Debug\cy_ble_ias.o
LOAD .\CortexM4\ARM_GCC_541\Debug\cy_ble_ips.o
LOAD .\CortexM4\ARM_GCC_541\Debug\cy_ble_lls.o
LOAD .\CortexM4\ARM_GCC_541\Debug\cy_ble_lns.o
LOAD .\CortexM4\ARM_GCC_541\Debug\cy_ble_ndcs.o
LOAD .\CortexM4\ARM_GCC_541\Debug\cy_ble_plxs.o
LOAD .\CortexM4\ARM_GCC_541\Debug\cy_ble_pass.o
LOAD .\CortexM4\ARM_GCC_541\Debug\cy_ble_rscs.o
LOAD .\CortexM4\ARM_GCC_541\Debug\cy_ble_rtus.o
LOAD .\CortexM4\ARM_GCC_541\Debug\cy_ble_scps.o
LOAD .\CortexM4\ARM_GCC_541\Debug\cy_ble_tps.o
LOAD .\CortexM4\ARM_GCC_541\Debug\cy_ble_uds.o
LOAD .\CortexM4\ARM_GCC_541\Debug\cy_ble_wpts.o
LOAD .\CortexM4\ARM_GCC_541\Debug\cy_ble_wss.o
LOAD .\CortexM4\ARM_GCC_541\Debug\retarget.o
LOAD .\CortexM4\ARM_GCC_541\Debug\croutine.o
LOAD .\CortexM4\ARM_GCC_541\Debug\event_groups.o
LOAD .\CortexM4\ARM_GCC_541\Debug\list.o
LOAD .\CortexM4\ARM_GCC_541\Debug\queue.o
LOAD .\CortexM4\ARM_GCC_541\Debug\tasks.o
LOAD .\CortexM4\ARM_GCC_541\Debug\timers.o
LOAD .\CortexM4\ARM_GCC_541\Debug\stream_buffer.o
LOAD .\CortexM4\ARM_GCC_541\Debug\port.o
LOAD .\CortexM4\ARM_GCC_541\Debug\heap_4.o
LOAD .\CortexM4\ARM_GCC_541\Debug\mI2C.o
LOAD .\CortexM4\ARM_GCC_541\Debug\mUART.o
LOAD .\CortexM4\ARM_GCC_541\Debug\BLE.o
LOAD .\CortexM4\ARM_GCC_541\Debug\BLE_config.o
LOAD .\CortexM4\ARM_GCC_541\Debug\BLE_custom_config.o
END GROUP
START GROUP
LOAD c:/program files (x86)/cypress/psoc creator/4.4/psoc creator/import/gnu/arm/5.4.1/bin/../lib/gcc/arm-none-eabi/5.4.1/armv7e-m/softfp\libgcc.a
LOAD c:/program files (x86)/cypress/psoc creator/4.4/psoc creator/import/gnu/arm/5.4.1/bin/../lib/gcc/arm-none-eabi/5.4.1/../../../../arm-none-eabi/lib/armv7e-m/softfp\libg_nano.a
LOAD c:/program files (x86)/cypress/psoc creator/4.4/psoc creator/import/gnu/arm/5.4.1/bin/../lib/gcc/arm-none-eabi/5.4.1/../../../../arm-none-eabi/lib/armv7e-m/softfp\libc_nano.a
END GROUP
START GROUP
LOAD c:/program files (x86)/cypress/psoc creator/4.4/psoc creator/import/gnu/arm/5.4.1/bin/../lib/gcc/arm-none-eabi/5.4.1/armv7e-m/softfp\libgcc.a
LOAD c:/program files (x86)/cypress/psoc creator/4.4/psoc creator/import/gnu/arm/5.4.1/bin/../lib/gcc/arm-none-eabi/5.4.1/../../../../arm-none-eabi/lib/armv7e-m/softfp\libc_nano.a
END GROUP
LOAD c:/program files (x86)/cypress/psoc creator/4.4/psoc creator/import/gnu/arm/5.4.1/bin/../lib/gcc/arm-none-eabi/5.4.1/armv7e-m/softfp/crtend.o
LOAD c:/program files (x86)/cypress/psoc creator/4.4/psoc creator/import/gnu/arm/5.4.1/bin/../lib/gcc/arm-none-eabi/5.4.1/armv7e-m/softfp/crtn.o
START GROUP
LOAD c:/program files (x86)/cypress/psoc creator/4.4/psoc creator/import/gnu/arm/5.4.1/bin/../lib/gcc/arm-none-eabi/5.4.1/armv7e-m/softfp\libgcc.a
LOAD c:/program files (x86)/cypress/psoc creator/4.4/psoc creator/import/gnu/arm/5.4.1/bin/../lib/gcc/arm-none-eabi/5.4.1/../../../../arm-none-eabi/lib/armv7e-m/softfp\libc.a
LOAD c:/program files (x86)/cypress/psoc creator/4.4/psoc creator/import/gnu/arm/5.4.1/bin/../lib/gcc/arm-none-eabi/5.4.1/../../../../arm-none-eabi/lib/armv7e-m/softfp\libnosys.a
END GROUP
START GROUP
LOAD c:/program files (x86)/cypress/psoc creator/4.4/psoc creator/import/gnu/arm/5.4.1/bin/../lib/gcc/arm-none-eabi/5.4.1/armv7e-m/softfp\libgcc.a
LOAD c:/program files (x86)/cypress/psoc creator/4.4/psoc creator/import/gnu/arm/5.4.1/bin/../lib/gcc/arm-none-eabi/5.4.1/../../../../arm-none-eabi/lib/armv7e-m/softfp\libc.a
LOAD c:/program files (x86)/cypress/psoc creator/4.4/psoc creator/import/gnu/arm/5.4.1/bin/../lib/gcc/arm-none-eabi/5.4.1/../../../../arm-none-eabi/lib/armv7e-m/softfp\libm.a
LOAD c:/program files (x86)/cypress/psoc creator/4.4/psoc creator/import/gnu/arm/5.4.1/bin/../lib/gcc/arm-none-eabi/5.4.1/../../../../arm-none-eabi/lib/armv7e-m/softfp\libnosys.a
END GROUP

.text           0x10080000     0x93f0
                0x10080000                . = ALIGN (0x4)
                0x10080000                __Vectors = .
 *(.vectors)
 .vectors       0x10080000      0x28c .\CortexM4\ARM_GCC_541\Debug\startup_psoc6_01_cm4.o
                0x1008028c                . = ALIGN (0x4)
                0x1008028c                __Vectors_End = .
                0x0000028c                __Vectors_Size = (__Vectors_End - __Vectors)
                0x1008028c                __end__ = .
                0x1008028c                . = ALIGN (0x4)
 *(.text*)
 .text          0x1008028c       0x5c c:/program files (x86)/cypress/psoc creator/4.4/psoc creator/import/gnu/arm/5.4.1/bin/../lib/gcc/arm-none-eabi/5.4.1/armv7e-m/softfp/crtbegin.o
 .text          0x100802e8       0x84 .\CortexM4\ARM_GCC_541\Debug\startup_psoc6_01_cm4.o
                0x100802e8                Cy_OnResetUser
                0x100802ea                Reset_Handler
                0x1008034c                cpuss_interrupts_ipc_6_IRQHandler
                0x1008034c                DebugMon_Handler
                0x1008034c                tcpwm_1_interrupts_11_IRQHandler
                0x1008034c                cpuss_interrupts_ipc_0_IRQHandler
                0x1008034c                tcpwm_1_interrupts_15_IRQHandler
                0x1008034c                ioss_interrupts_gpio_13_IRQHandler
                0x1008034c                tcpwm_1_interrupts_13_IRQHandler
                0x1008034c                cpuss_interrupts_dw1_8_IRQHandler
                0x1008034c                tcpwm_0_interrupts_0_IRQHandler
                0x1008034c                cpuss_interrupt_fm_IRQHandler
                0x1008034c                cpuss_interrupts_ipc_7_IRQHandler
                0x1008034c                tcpwm_1_interrupts_14_IRQHandler
                0x1008034c                cpuss_interrupts_dw0_5_IRQHandler
                0x1008034c                tcpwm_1_interrupts_9_IRQHandler
                0x1008034c                cpuss_interrupts_cm0_cti_1_IRQHandler
                0x1008034c                tcpwm_1_interrupts_22_IRQHandler
                0x1008034c                cpuss_interrupts_dw0_4_IRQHandler
                0x1008034c                NMI_Handler
                0x1008034c                cpuss_interrupts_dw1_12_IRQHandler
                0x1008034c                tcpwm_1_interrupts_12_IRQHandler
                0x1008034c                smif_interrupt_IRQHandler
                0x1008034c                tcpwm_1_interrupts_2_IRQHandler
                0x1008034c                cpuss_interrupts_ipc_13_IRQHandler
                0x1008034c                udb_interrupts_11_IRQHandler
                0x1008034c                tcpwm_1_interrupts_18_IRQHandler
                0x1008034c                cpuss_interrupts_dw0_11_IRQHandler
                0x1008034c                tcpwm_0_interrupts_2_IRQHandler
                0x1008034c                cpuss_interrupts_dw0_13_IRQHandler
                0x1008034c                udb_interrupts_2_IRQHandler
                0x1008034c                cpuss_interrupts_dw1_7_IRQHandler
                0x1008034c                ioss_interrupts_gpio_1_IRQHandler
                0x1008034c                ioss_interrupts_gpio_7_IRQHandler
                0x1008034c                scb_5_interrupt_IRQHandler
                0x1008034c                udb_interrupts_6_IRQHandler
                0x1008034c                cpuss_interrupts_fault_1_IRQHandler
                0x1008034c                cpuss_interrupts_ipc_4_IRQHandler
                0x1008034c                cpuss_interrupts_ipc_5_IRQHandler
                0x1008034c                cpuss_interrupts_dw1_10_IRQHandler
                0x1008034c                udb_interrupts_0_IRQHandler
                0x1008034c                tcpwm_1_interrupts_6_IRQHandler
                0x1008034c                scb_4_interrupt_IRQHandler
                0x1008034c                pass_interrupt_dacs_IRQHandler
                0x1008034c                ioss_interrupts_gpio_2_IRQHandler
                0x1008034c                cpuss_interrupts_dw1_9_IRQHandler
                0x1008034c                cpuss_interrupts_dw1_13_IRQHandler
                0x1008034c                scb_2_interrupt_IRQHandler
                0x1008034c                cpuss_interrupts_cm0_cti_0_IRQHandler
                0x1008034c                udb_interrupts_5_IRQHandler
                0x1008034c                srss_interrupt_IRQHandler
                0x1008034c                udb_interrupts_12_IRQHandler
                0x1008034c                scb_0_interrupt_IRQHandler
                0x1008034c                csd_interrupt_IRQHandler
                0x1008034c                udb_interrupts_1_IRQHandler
                0x1008034c                profile_interrupt_IRQHandler
                0x1008034c                tcpwm_1_interrupts_1_IRQHandler
                0x1008034c                cpuss_interrupts_ipc_12_IRQHandler
                0x1008034c                tcpwm_1_interrupts_3_IRQHandler
                0x1008034c                tcpwm_0_interrupts_7_IRQHandler
                0x1008034c                cpuss_interrupts_dw1_1_IRQHandler
                0x1008034c                cpuss_interrupts_dw1_0_IRQHandler
                0x1008034c                cpuss_interrupts_dw0_9_IRQHandler
                0x1008034c                lpcomp_interrupt_IRQHandler
                0x1008034c                tcpwm_1_interrupts_23_IRQHandler
                0x1008034c                udb_interrupts_4_IRQHandler
                0x1008034c                tcpwm_1_interrupts_20_IRQHandler
                0x1008034c                ioss_interrupt_gpio_IRQHandler
                0x1008034c                tcpwm_0_interrupts_1_IRQHandler
                0x1008034c                ioss_interrupts_gpio_8_IRQHandler
                0x1008034c                tcpwm_0_interrupts_6_IRQHandler
                0x1008034c                scb_7_interrupt_IRQHandler
                0x1008034c                tcpwm_1_interrupts_7_IRQHandler
                0x1008034c                cpuss_interrupts_ipc_11_IRQHandler
                0x1008034c                udb_interrupts_13_IRQHandler
                0x1008034c                cpuss_interrupts_dw0_15_IRQHandler
                0x1008034c                udb_interrupts_7_IRQHandler
                0x1008034c                cpuss_interrupts_dw1_6_IRQHandler
                0x1008034c                cpuss_interrupt_crypto_IRQHandler
                0x1008034c                scb_1_interrupt_IRQHandler
                0x1008034c                Default_Handler
                0x1008034c                usb_interrupt_hi_IRQHandler
                0x1008034c                tcpwm_1_interrupts_0_IRQHandler
                0x1008034c                udb_interrupts_9_IRQHandler
                0x1008034c                audioss_interrupt_pdm_IRQHandler
                0x1008034c                srss_interrupt_mcwdt_0_IRQHandler
                0x1008034c                scb_3_interrupt_IRQHandler
                0x1008034c                pass_interrupt_ctbs_IRQHandler
                0x1008034c                udb_interrupts_8_IRQHandler
                0x1008034c                ioss_interrupts_gpio_3_IRQHandler
                0x1008034c                scb_6_interrupt_IRQHandler
                0x1008034c                cpuss_interrupts_cm4_cti_0_IRQHandler
                0x1008034c                cpuss_interrupts_dw1_3_IRQHandler
                0x1008034c                pass_interrupt_sar_IRQHandler
                0x1008034c                ioss_interrupts_gpio_0_IRQHandler
                0x1008034c                ioss_interrupts_gpio_14_IRQHandler
                0x1008034c                tcpwm_0_interrupts_4_IRQHandler
                0x1008034c                udb_interrupts_3_IRQHandler
                0x1008034c                tcpwm_0_interrupts_5_IRQHandler
                0x1008034c                cpuss_interrupts_ipc_15_IRQHandler
                0x1008034c                cpuss_interrupts_cm4_cti_1_IRQHandler
                0x1008034c                scb_8_interrupt_IRQHandler
                0x1008034c                srss_interrupt_mcwdt_1_IRQHandler
                0x1008034c                cpuss_interrupts_dw1_2_IRQHandler
                0x1008034c                cpuss_interrupts_dw1_5_IRQHandler
                0x1008034c                cpuss_interrupts_ipc_1_IRQHandler
                0x1008034c                cpuss_interrupts_dw0_0_IRQHandler
                0x1008034c                ioss_interrupts_gpio_12_IRQHandler
                0x1008034c                cpuss_interrupts_ipc_3_IRQHandler
                0x1008034c                tcpwm_1_interrupts_17_IRQHandler
                0x1008034c                srss_interrupt_backup_IRQHandler
                0x1008034c                bless_interrupt_IRQHandler
                0x1008034c                cpuss_interrupts_ipc_10_IRQHandler
                0x1008034c                cpuss_interrupts_ipc_9_IRQHandler
                0x1008034c                cpuss_interrupts_dw0_14_IRQHandler
                0x1008034c                tcpwm_1_interrupts_4_IRQHandler
                0x1008034c                tcpwm_0_interrupts_3_IRQHandler
                0x1008034c                cpuss_interrupts_dw1_15_IRQHandler
                0x1008034c                ioss_interrupts_gpio_10_IRQHandler
                0x1008034c                udb_interrupts_10_IRQHandler
                0x1008034c                cpuss_interrupts_dw0_8_IRQHandler
                0x1008034c                ioss_interrupts_gpio_11_IRQHandler
                0x1008034c                cpuss_interrupts_ipc_14_IRQHandler
                0x1008034c                ioss_interrupts_gpio_5_IRQHandler
                0x1008034c                ioss_interrupts_gpio_4_IRQHandler
                0x1008034c                tcpwm_1_interrupts_8_IRQHandler
                0x1008034c                cpuss_interrupts_dw1_14_IRQHandler
                0x1008034c                usb_interrupt_med_IRQHandler
                0x1008034c                cpuss_interrupts_dw0_2_IRQHandler
                0x1008034c                tcpwm_1_interrupts_10_IRQHandler
                0x1008034c                cpuss_interrupts_fault_0_IRQHandler
                0x1008034c                cpuss_interrupts_dw0_12_IRQHandler
                0x1008034c                ioss_interrupts_gpio_6_IRQHandler
                0x1008034c                tcpwm_1_interrupts_21_IRQHandler
                0x1008034c                tcpwm_1_interrupts_16_IRQHandler
                0x1008034c                cpuss_interrupts_dw1_4_IRQHandler
                0x1008034c                udb_interrupts_15_IRQHandler
                0x1008034c                cpuss_interrupts_dw1_11_IRQHandler
                0x1008034c                cpuss_interrupts_dw0_6_IRQHandler
                0x1008034c                ioss_interrupt_vdd_IRQHandler
                0x1008034c                cpuss_interrupts_dw0_7_IRQHandler
                0x1008034c                audioss_interrupt_i2s_IRQHandler
                0x1008034c                tcpwm_1_interrupts_5_IRQHandler
                0x1008034c                cpuss_interrupts_ipc_2_IRQHandler
                0x1008034c                cpuss_interrupts_dw0_10_IRQHandler
                0x1008034c                tcpwm_1_interrupts_19_IRQHandler
                0x1008034c                cpuss_interrupts_dw0_1_IRQHandler
                0x1008034c                ioss_interrupts_gpio_9_IRQHandler
                0x1008034c                usb_interrupt_lo_IRQHandler
                0x1008034c                cpuss_interrupts_ipc_8_IRQHandler
                0x1008034c                udb_interrupts_14_IRQHandler
                0x1008034c                cpuss_interrupts_dw0_3_IRQHandler
                0x10080350                UsageFault_Handler
                0x10080350                HardFault_Handler
                0x10080350                MemManage_Handler
                0x10080350                BusFault_Handler
 .text.HandleError
                0x1008036c        0x4 .\CortexM4\ARM_GCC_541\Debug\sensorDriver.o
 .text.sensor_ReadBytes
                0x10080370       0xa0 .\CortexM4\ARM_GCC_541\Debug\sensorDriver.o
                0x10080370                sensor_ReadBytes
 .text.sensor_Init
                0x10080410       0x78 .\CortexM4\ARM_GCC_541\Debug\sensorDriver.o
                0x10080410                sensor_Init
 .text.getReadings
                0x10080488       0xa8 .\CortexM4\ARM_GCC_541\Debug\sensorDriver.o
                0x10080488                getReadings
 .text.genericEventHandler
                0x10080530       0x8c .\CortexM4\ARM_GCC_541\Debug\main_cm4.o
                0x10080530                genericEventHandler
 .text.bleInterruptNotify
                0x100805bc       0x38 .\CortexM4\ARM_GCC_541\Debug\main_cm4.o
                0x100805bc                bleInterruptNotify
 .text.bleHandleTask
                0x100805f4       0x60 .\CortexM4\ARM_GCC_541\Debug\main_cm4.o
                0x100805f4                bleHandleTask
 .text.sensingTask
                0x10080654       0xc0 .\CortexM4\ARM_GCC_541\Debug\main_cm4.o
                0x10080654                sensingTask
 .text.main     0x10080714       0x84 .\CortexM4\ARM_GCC_541\Debug\main_cm4.o
                0x10080714                main
 .text.Cy_SysIpcPipeIsrCm4
                0x10080798        0xc .\CortexM4\ARM_GCC_541\Debug\system_psoc6_cm4.o
                0x10080798                Cy_SysIpcPipeIsrCm4
 .text.Cy_SystemInit
                0x100807a4        0x4 .\CortexM4\ARM_GCC_541\Debug\system_psoc6_cm4.o
                0x100807a4                Cy_SystemInit
 .text.SystemCoreClockUpdate
                0x100807a8      0x190 .\CortexM4\ARM_GCC_541\Debug\system_psoc6_cm4.o
                0x100807a8                SystemCoreClockUpdate
 .text.SystemInit
                0x10080938       0x48 .\CortexM4\ARM_GCC_541\Debug\system_psoc6_cm4.o
                0x10080938                SystemInit
 .text.Cy_SystemInitFpuEnable
                0x10080980       0x28 .\CortexM4\ARM_GCC_541\Debug\system_psoc6_cm4.o
                0x10080980                Cy_SystemInitFpuEnable
 .text.STDIO_PutChar
                0x100809a8       0x18 .\CortexM4\ARM_GCC_541\Debug\stdio_user.o
                0x100809a8                STDIO_PutChar
 .text.STDIO_GetChar
                0x100809c0       0x1c .\CortexM4\ARM_GCC_541\Debug\stdio_user.o
                0x100809c0                STDIO_GetChar
 .text.Cy_Flash_ProcessOpcode
                0x100809dc       0xac .\CortexM4\ARM_GCC_541\Debug\cy_flash.o
 .text.Cy_Flash_OperationStatus
                0x10080a88       0x5c .\CortexM4\ARM_GCC_541\Debug\cy_flash.o
 .text.Cy_Flash_InitExt
                0x10080ae4       0x80 .\CortexM4\ARM_GCC_541\Debug\cy_flash.o
                0x10080ae4                Cy_Flash_InitExt
 .text.Cy_Flash_Init
                0x10080b64       0x10 .\CortexM4\ARM_GCC_541\Debug\cy_flash.o
                0x10080b64                Cy_Flash_Init
 .text.Cy_IPC_Drv_LockRelease
                0x10080b74       0x3c .\CortexM4\ARM_GCC_541\Debug\cy_ipc_drv.o
                0x10080b74                Cy_IPC_Drv_LockRelease
 .text.Cy_IPC_Drv_SendMsgWord
                0x10080bb0       0x3c .\CortexM4\ARM_GCC_541\Debug\cy_ipc_drv.o
                0x10080bb0                Cy_IPC_Drv_SendMsgWord
 .text.Cy_IPC_Drv_ReadMsgWord
                0x10080bec       0x38 .\CortexM4\ARM_GCC_541\Debug\cy_ipc_drv.o
                0x10080bec                Cy_IPC_Drv_ReadMsgWord
 .text.Cy_IPC_Sema_InitExt
                0x10080c24       0xac .\CortexM4\ARM_GCC_541\Debug\cy_ipc_sema.o
                0x10080c24                Cy_IPC_Sema_InitExt
 .text.Cy_IPC_Sema_Init
                0x10080cd0       0x64 .\CortexM4\ARM_GCC_541\Debug\cy_ipc_sema.o
                0x10080cd0                Cy_IPC_Sema_Init
 .text.Cy_IPC_Sema_Clear
                0x10080d34       0x88 .\CortexM4\ARM_GCC_541\Debug\cy_ipc_sema.o
                0x10080d34                Cy_IPC_Sema_Clear
 .text.Cy_IPC_Sema_Status
                0x10080dbc       0x40 .\CortexM4\ARM_GCC_541\Debug\cy_ipc_sema.o
                0x10080dbc                Cy_IPC_Sema_Status
 .text.Cy_IPC_Pipe_Config
                0x10080dfc       0x10 .\CortexM4\ARM_GCC_541\Debug\cy_ipc_pipe.o
                0x10080dfc                Cy_IPC_Pipe_Config
 .text.Cy_IPC_Pipe_EndpointInit
                0x10080e0c       0xd0 .\CortexM4\ARM_GCC_541\Debug\cy_ipc_pipe.o
                0x10080e0c                Cy_IPC_Pipe_EndpointInit
 .text.Cy_IPC_Pipe_Init
                0x10080edc       0xb4 .\CortexM4\ARM_GCC_541\Debug\cy_ipc_pipe.o
                0x10080edc                Cy_IPC_Pipe_Init
 .text.Cy_IPC_Pipe_SendMessage
                0x10080f90       0xa4 .\CortexM4\ARM_GCC_541\Debug\cy_ipc_pipe.o
                0x10080f90                Cy_IPC_Pipe_SendMessage
 .text.Cy_IPC_Pipe_RegisterCallback
                0x10081034       0x50 .\CortexM4\ARM_GCC_541\Debug\cy_ipc_pipe.o
                0x10081034                Cy_IPC_Pipe_RegisterCallback
 .text.Cy_IPC_Pipe_RegisterCallbackRel
                0x10081084       0x2c .\CortexM4\ARM_GCC_541\Debug\cy_ipc_pipe.o
                0x10081084                Cy_IPC_Pipe_RegisterCallbackRel
 .text.Cy_IPC_Pipe_ExecCallback
                0x100810b0       0xbc .\CortexM4\ARM_GCC_541\Debug\cy_ipc_pipe.o
                0x100810b0                Cy_IPC_Pipe_ExecCallback
 .text.Cy_IPC_Pipe_ExecuteCallback
                0x1008116c       0x2c .\CortexM4\ARM_GCC_541\Debug\cy_ipc_pipe.o
                0x1008116c                Cy_IPC_Pipe_ExecuteCallback
 .text.Cy_IPC_Pipe_EndpointPause
                0x10081198       0x54 .\CortexM4\ARM_GCC_541\Debug\cy_ipc_pipe.o
                0x10081198                Cy_IPC_Pipe_EndpointPause
 .text.Cy_IPC_Pipe_EndpointResume
                0x100811ec       0x48 .\CortexM4\ARM_GCC_541\Debug\cy_ipc_pipe.o
                0x100811ec                Cy_IPC_Pipe_EndpointResume
 .text.Cy_SCB_ReadArrayNoCheck
                0x10081234       0x38 .\CortexM4\ARM_GCC_541\Debug\cy_scb_common.o
                0x10081234                Cy_SCB_ReadArrayNoCheck
 .text.Cy_SCB_ReadArray
                0x1008126c       0x1c .\CortexM4\ARM_GCC_541\Debug\cy_scb_common.o
                0x1008126c                Cy_SCB_ReadArray
 .text.Cy_SCB_Write
                0x10081288       0x28 .\CortexM4\ARM_GCC_541\Debug\cy_scb_common.o
                0x10081288                Cy_SCB_Write
 .text.Cy_SCB_WriteArrayNoCheck
                0x100812b0       0x38 .\CortexM4\ARM_GCC_541\Debug\cy_scb_common.o
                0x100812b0                Cy_SCB_WriteArrayNoCheck
 .text.Cy_SCB_WriteArray
                0x100812e8       0x2c .\CortexM4\ARM_GCC_541\Debug\cy_scb_common.o
                0x100812e8                Cy_SCB_WriteArray
 .text.HandleStatus
                0x10081314       0xf0 .\CortexM4\ARM_GCC_541\Debug\cy_scb_i2c.o
 .text.WaitOneUnit
                0x10081404       0x24 .\CortexM4\ARM_GCC_541\Debug\cy_scb_i2c.o
 .text.Cy_SCB_I2C_Init
                0x10081428      0x18c .\CortexM4\ARM_GCC_541\Debug\cy_scb_i2c.o
                0x10081428                Cy_SCB_I2C_Init
 .text.Cy_SCB_I2C_GetDataRate
                0x100815b4       0x90 .\CortexM4\ARM_GCC_541\Debug\cy_scb_i2c.o
                0x100815b4                Cy_SCB_I2C_GetDataRate
 .text.Cy_SCB_I2C_SetDataRate
                0x10081644      0x1d0 .\CortexM4\ARM_GCC_541\Debug\cy_scb_i2c.o
                0x10081644                Cy_SCB_I2C_SetDataRate
 .text.Cy_SCB_I2C_MasterSendStart
                0x10081814       0xf0 .\CortexM4\ARM_GCC_541\Debug\cy_scb_i2c.o
                0x10081814                Cy_SCB_I2C_MasterSendStart
 .text.Cy_SCB_I2C_MasterSendStop
                0x10081904       0x64 .\CortexM4\ARM_GCC_541\Debug\cy_scb_i2c.o
                0x10081904                Cy_SCB_I2C_MasterSendStop
 .text.Cy_SCB_I2C_MasterReadByte
                0x10081968       0xb4 .\CortexM4\ARM_GCC_541\Debug\cy_scb_i2c.o
                0x10081968                Cy_SCB_I2C_MasterReadByte
 .text.HandleDataTransmit
                0x10081a1c       0xdc .\CortexM4\ARM_GCC_541\Debug\cy_scb_uart.o
 .text.HandleDataReceive
                0x10081af8       0xf8 .\CortexM4\ARM_GCC_541\Debug\cy_scb_uart.o
 .text.Cy_SCB_UART_Init
                0x10081bf0      0x364 .\CortexM4\ARM_GCC_541\Debug\cy_scb_uart.o
                0x10081bf0                Cy_SCB_UART_Init
 .text.Cy_SCB_UART_GetNumInRingBuffer
                0x10081f54       0x18 .\CortexM4\ARM_GCC_541\Debug\cy_scb_uart.o
                0x10081f54                Cy_SCB_UART_GetNumInRingBuffer
 .text.HandleRingBuffer
                0x10081f6c       0xcc .\CortexM4\ARM_GCC_541\Debug\cy_scb_uart.o
 .text.Cy_SCB_UART_Interrupt
                0x10082038       0xe8 .\CortexM4\ARM_GCC_541\Debug\cy_scb_uart.o
                0x10082038                Cy_SCB_UART_Interrupt
 .text.Cy_SysInt_SetVector
                0x10082120       0x48 .\CortexM4\ARM_GCC_541\Debug\cy_sysint.o
                0x10082120                Cy_SysInt_SetVector
 .text.Cy_SysInt_Init
                0x10082168       0x74 .\CortexM4\ARM_GCC_541\Debug\cy_sysint.o
                0x10082168                Cy_SysInt_Init
 .text.Cy_SysLib_Delay
                0x100821dc       0x30 .\CortexM4\ARM_GCC_541\Debug\cy_syslib.o
                0x100821dc                Cy_SysLib_Delay
 .text.Cy_SysLib_DelayUs
                0x1008220c       0x14 .\CortexM4\ARM_GCC_541\Debug\cy_syslib.o
                0x1008220c                Cy_SysLib_DelayUs
 .text.Cy_SysLib_Halt
                0x10082220        0x4 .\CortexM4\ARM_GCC_541\Debug\cy_syslib.o
                0x10082220                Cy_SysLib_Halt
 .text.Cy_SysLib_AssertFailed
                0x10082224       0x1c .\CortexM4\ARM_GCC_541\Debug\cy_syslib.o
                0x10082224                Cy_SysLib_AssertFailed
 .text.Cy_SysLib_ProcessingFault
                0x10082240        0x4 .\CortexM4\ARM_GCC_541\Debug\cy_syslib.o
                0x10082240                Cy_SysLib_ProcessingFault
 .text.Cy_SysLib_FaultHandler
                0x10082244       0xa4 .\CortexM4\ARM_GCC_541\Debug\cy_syslib.o
                0x10082244                Cy_SysLib_FaultHandler
 .text          0x100822e8       0x20 .\CortexM4\ARM_GCC_541\Debug\cy_syslib_gcc.o
                0x100822e8                Cy_SysLib_DelayCycles
                0x100822fa                Cy_SysLib_EnterCriticalSection
                0x10082302                Cy_SysLib_ExitCriticalSection
 .text.Cy_SysPm_RegisterCallback
                0x10082308       0x5c .\CortexM4\ARM_GCC_541\Debug\cy_syspm.o
                0x10082308                Cy_SysPm_RegisterCallback
 .text.Cy_SysPm_UnregisterCallback
                0x10082364       0x68 .\CortexM4\ARM_GCC_541\Debug\cy_syspm.o
                0x10082364                Cy_SysPm_UnregisterCallback
 .text.Cy_PDL_Init
                0x100823cc        0xc .\CortexM4\ARM_GCC_541\Debug\cy_device.o
                0x100823cc                Cy_PDL_Init
 .text.Cy_BLE_DeepSleepCallback
                0x100823d8       0x88 .\CortexM4\ARM_GCC_541\Debug\cy_ble.o
                0x100823d8                Cy_BLE_DeepSleepCallback
 .text.Cy_BLE_SleepCallback
                0x10082460       0x64 .\CortexM4\ARM_GCC_541\Debug\cy_ble.o
                0x10082460                Cy_BLE_SleepCallback
 .text.Cy_BLE_UnregisterHostPMCallbacks
                0x100824c4       0x18 .\CortexM4\ARM_GCC_541\Debug\cy_ble.o
                0x100824c4                Cy_BLE_UnregisterHostPMCallbacks
 .text.Cy_BLE_Init
                0x100824dc       0x54 .\CortexM4\ARM_GCC_541\Debug\cy_ble.o
                0x100824dc                Cy_BLE_Init
 .text.Cy_BLE_Enable
                0x10082530      0x134 .\CortexM4\ARM_GCC_541\Debug\cy_ble.o
                0x10082530                Cy_BLE_Enable
 .text.Cy_BLE_RegisterAppHostCallback
                0x10082664       0x18 .\CortexM4\ARM_GCC_541\Debug\cy_ble.o
                0x10082664                Cy_BLE_RegisterAppHostCallback
 .text.Cy_BLE_IPC_HostMsgFlushRecvCallBack
                0x1008267c       0x1c .\CortexM4\ARM_GCC_541\Debug\cy_ble_hal_pvt.o
 .text.Cy_BLE_IPC_HostMsgRecvCallBack
                0x10082698       0x1c .\CortexM4\ARM_GCC_541\Debug\cy_ble_hal_pvt.o
 .text.Cy_BLE_HAL_BlockCalcCRC8
                0x100826b4       0x34 .\CortexM4\ARM_GCC_541\Debug\cy_ble_hal_pvt.o
                0x100826b4                Cy_BLE_HAL_BlockCalcCRC8
 .text.Cy_BLE_HAL_CalcCRC8
                0x100826e8        0xc .\CortexM4\ARM_GCC_541\Debug\cy_ble_hal_pvt.o
                0x100826e8                Cy_BLE_HAL_CalcCRC8
 .text.Cy_BLE_HAL_EnterCriticalSection
                0x100826f4        0x8 .\CortexM4\ARM_GCC_541\Debug\cy_ble_hal_pvt.o
                0x100826f4                Cy_BLE_HAL_EnterCriticalSection
 .text.Cy_BLE_HAL_ExitCriticalSection
                0x100826fc        0x8 .\CortexM4\ARM_GCC_541\Debug\cy_ble_hal_pvt.o
                0x100826fc                Cy_BLE_HAL_ExitCriticalSection
 .text.Cy_BLE_HAL_EnableHostIpcPipeInterrupt
                0x10082704        0xc .\CortexM4\ARM_GCC_541\Debug\cy_ble_hal_pvt.o
                0x10082704                Cy_BLE_HAL_EnableHostIpcPipeInterrupt
 .text.Cy_BLE_HAL_DisableHostIpcPipeInterrupt
                0x10082710        0xc .\CortexM4\ARM_GCC_541\Debug\cy_ble_hal_pvt.o
                0x10082710                Cy_BLE_HAL_DisableHostIpcPipeInterrupt
 .text.Cy_BLE_IPC_HostRegisterClientCallbacks
                0x1008271c       0x34 .\CortexM4\ARM_GCC_541\Debug\cy_ble_hal_pvt.o
                0x1008271c                Cy_BLE_IPC_HostRegisterClientCallbacks
 .text.Cy_BLE_IPC_SendMessageToController
                0x10082750       0x20 .\CortexM4\ARM_GCC_541\Debug\cy_ble_hal_pvt.o
                0x10082750                Cy_BLE_IPC_SendMessageToController
 .text.Cy_BLE_HAL_EccHeapInit
                0x10082770        0x4 .\CortexM4\ARM_GCC_541\Debug\cy_ble_hal_pvt.o
                0x10082770                Cy_BLE_HAL_EccHeapInit
 .text.Cy_BLE_HAL_EccHeapDeInit
                0x10082774        0x4 .\CortexM4\ARM_GCC_541\Debug\cy_ble_hal_pvt.o
                0x10082774                Cy_BLE_HAL_EccHeapDeInit
 .text.Cy_BLE_HAL_EccGetFeatureHeapReq
                0x10082778        0x4 .\CortexM4\ARM_GCC_541\Debug\cy_ble_hal_pvt.o
                0x10082778                Cy_BLE_HAL_EccGetFeatureHeapReq
 .text.Cy_BLE_HAL_PairingLocalPublicKeyHandler
                0x1008277c        0x8 .\CortexM4\ARM_GCC_541\Debug\cy_ble_hal_pvt.o
                0x1008277c                Cy_BLE_HAL_PairingLocalPublicKeyHandler
 .text.Cy_BLE_HAL_PairingRemoteKeyHandler
                0x10082784        0x8 .\CortexM4\ARM_GCC_541\Debug\cy_ble_hal_pvt.o
                0x10082784                Cy_BLE_HAL_PairingRemoteKeyHandler
 .text.Cy_BLE_HAL_PairingDhkeyHandler
                0x1008278c        0x8 .\CortexM4\ARM_GCC_541\Debug\cy_ble_hal_pvt.o
                0x1008278c                Cy_BLE_HAL_PairingDhkeyHandler
 .text.Cy_BLE_HAL_PairingDhkeyCheckHandler
                0x10082794        0x8 .\CortexM4\ARM_GCC_541\Debug\cy_ble_hal_pvt.o
                0x10082794                Cy_BLE_HAL_PairingDhkeyCheckHandler
 .text.Cy_BLE_HAL_PairingKeypressNotificationHandler
                0x1008279c        0x8 .\CortexM4\ARM_GCC_541\Debug\cy_ble_hal_pvt.o
                0x1008279c                Cy_BLE_HAL_PairingKeypressNotificationHandler
 .text.Cy_BLE_HAL_PairingRandHandler
                0x100827a4        0x8 .\CortexM4\ARM_GCC_541\Debug\cy_ble_hal_pvt.o
                0x100827a4                Cy_BLE_HAL_PairingRandHandler
 .text.Cy_BLE_HAL_PairingConfirmHandler
                0x100827ac        0x8 .\CortexM4\ARM_GCC_541\Debug\cy_ble_hal_pvt.o
                0x100827ac                Cy_BLE_HAL_PairingConfirmHandler
 .text.Cy_BLE_HAL_PairingLrConfirmingHandler
                0x100827b4        0x8 .\CortexM4\ARM_GCC_541\Debug\cy_ble_hal_pvt.o
                0x100827b4                Cy_BLE_HAL_PairingLrConfirmingHandler
 .text.Cy_BLE_HAL_PairingScTbxLocalPubkeyGenerateComplete
                0x100827bc        0x8 .\CortexM4\ARM_GCC_541\Debug\cy_ble_hal_pvt.o
                0x100827bc                Cy_BLE_HAL_PairingScTbxLocalPubkeyGenerateComplete
 .text.Cy_BLE_HAL_PairingScTbxGenerateLocalP256PublicKey
                0x100827c4        0x8 .\CortexM4\ARM_GCC_541\Debug\cy_ble_hal_pvt.o
                0x100827c4                Cy_BLE_HAL_PairingScTbxGenerateLocalP256PublicKey
 .text.Cy_BLE_HAL_SeSmpScUserPasskeyHandler
                0x100827cc        0x8 .\CortexM4\ARM_GCC_541\Debug\cy_ble_hal_pvt.o
                0x100827cc                Cy_BLE_HAL_SeSmpScUserPasskeyHandler
 .text.Cy_BLE_HAL_EccPointMult
                0x100827d4        0x4 .\CortexM4\ARM_GCC_541\Debug\cy_ble_hal_pvt.o
                0x100827d4                Cy_BLE_HAL_EccPointMult
 .text.Cy_BLE_ServiceInit
                0x100827d8       0x10 .\CortexM4\ARM_GCC_541\Debug\cy_ble_gap.o
                0x100827d8                Cy_BLE_ServiceInit
 .text.Cy_BLE_GAPP_StartAdvertisement
                0x100827e8      0x120 .\CortexM4\ARM_GCC_541\Debug\cy_ble_gap.o
                0x100827e8                Cy_BLE_GAPP_StartAdvertisement
 .text.Cy_BLE_ChangeAdDeviceAddress
                0x10082908       0x5c .\CortexM4\ARM_GCC_541\Debug\cy_ble_gap.o
                0x10082908                Cy_BLE_ChangeAdDeviceAddress
 .text.Cy_BLE_GATTS_WriteAttributeValueCCCD
                0x10082964       0x6c .\CortexM4\ARM_GCC_541\Debug\cy_ble_gatt.o
                0x10082964                Cy_BLE_GATTS_WriteAttributeValueCCCD
 .text.Cy_BLE_GATTS_WriteEventHandler
                0x100829d0       0x84 .\CortexM4\ARM_GCC_541\Debug\cy_ble_gatt.o
                0x100829d0                Cy_BLE_GATTS_WriteEventHandler
 .text.Cy_BLE_GATTS_ReadAttributeValueCCCDReqHandler
                0x10082a54       0x58 .\CortexM4\ARM_GCC_541\Debug\cy_ble_gatt.o
                0x10082a54                Cy_BLE_GATTS_ReadAttributeValueCCCDReqHandler
 .text.Cy_BLE_GATTS_WriteAttributeValueLocal
                0x10082aac       0x48 .\CortexM4\ARM_GCC_541\Debug\cy_ble_gatt.o
                0x10082aac                Cy_BLE_GATTS_WriteAttributeValueLocal
 .text.Cy_BLE_GATTS_ReadCccd
                0x10082af4       0xb8 .\CortexM4\ARM_GCC_541\Debug\cy_ble_gatt.o
                0x10082af4                Cy_BLE_GATTS_ReadCccd
 .text.Cy_BLE_GATTS_IsNotificationEnabled
                0x10082bac       0x20 .\CortexM4\ARM_GCC_541\Debug\cy_ble_gatt.o
                0x10082bac                Cy_BLE_GATTS_IsNotificationEnabled
 .text.Cy_BLE_GATTS_SendNotification
                0x10082bcc       0x7c .\CortexM4\ARM_GCC_541\Debug\cy_ble_gatt.o
                0x10082bcc                Cy_BLE_GATTS_SendNotification
 .text.Cy_BLE_SendWriteResponse
                0x10082c48       0x44 .\CortexM4\ARM_GCC_541\Debug\cy_ble_event_handler.o
 .text.Cy_BLE_RegisterServiceEventHandler
                0x10082c8c       0x5c .\CortexM4\ARM_GCC_541\Debug\cy_ble_event_handler.o
                0x10082c8c                Cy_BLE_RegisterServiceEventHandler
 .text.Cy_BLE_InvokeServiceEventHandler
                0x10082ce8       0x38 .\CortexM4\ARM_GCC_541\Debug\cy_ble_event_handler.o
                0x10082ce8                Cy_BLE_InvokeServiceEventHandler
 .text.Cy_BLE_IsDeviceAddressValid
                0x10082d20       0x20 .\CortexM4\ARM_GCC_541\Debug\cy_ble_event_handler.o
                0x10082d20                Cy_BLE_IsDeviceAddressValid
 .text.Cy_BLE_EventHandler
                0x10082d40      0x728 .\CortexM4\ARM_GCC_541\Debug\cy_ble_event_handler.o
                0x10082d40                Cy_BLE_EventHandler
 .text.Cy_BLE_CUSTOM_EventHandler
                0x10083468        0x4 .\CortexM4\ARM_GCC_541\Debug\cy_ble_custom.o
 .text.Cy_BLE_CUSTOM_Init
                0x1008346c       0x20 .\CortexM4\ARM_GCC_541\Debug\cy_ble_custom.o
                0x1008346c                Cy_BLE_CUSTOM_Init
 .text._write   0x1008348c       0x24 .\CortexM4\ARM_GCC_541\Debug\retarget.o
                0x1008348c                _write
 .text._read    0x100834b0       0x2c .\CortexM4\ARM_GCC_541\Debug\retarget.o
                0x100834b0                _read
 .text.vListInitialise
                0x100834dc       0x18 .\CortexM4\ARM_GCC_541\Debug\list.o
                0x100834dc                vListInitialise
 .text.vListInitialiseItem
                0x100834f4        0x8 .\CortexM4\ARM_GCC_541\Debug\list.o
                0x100834f4                vListInitialiseItem
 .text.vListInsertEnd
                0x100834fc       0x18 .\CortexM4\ARM_GCC_541\Debug\list.o
                0x100834fc                vListInsertEnd
 .text.vListInsert
                0x10083514       0x34 .\CortexM4\ARM_GCC_541\Debug\list.o
                0x10083514                vListInsert
 .text.uxListRemove
                0x10083548       0x28 .\CortexM4\ARM_GCC_541\Debug\list.o
                0x10083548                uxListRemove
 .text.prvIsQueueFull
                0x10083570       0x20 .\CortexM4\ARM_GCC_541\Debug\queue.o
 .text.prvIsQueueEmpty
                0x10083590       0x1c .\CortexM4\ARM_GCC_541\Debug\queue.o
 .text.prvCopyDataToQueue
                0x100835ac       0x54 .\CortexM4\ARM_GCC_541\Debug\queue.o
 .text.prvCopyDataFromQueue
                0x10083600       0x24 .\CortexM4\ARM_GCC_541\Debug\queue.o
 .text.prvUnlockQueue
                0x10083624       0x68 .\CortexM4\ARM_GCC_541\Debug\queue.o
 .text.xQueueGenericReset
                0x1008368c       0x80 .\CortexM4\ARM_GCC_541\Debug\queue.o
                0x1008368c                xQueueGenericReset
 .text.prvInitialiseNewQueue
                0x1008370c       0x1c .\CortexM4\ARM_GCC_541\Debug\queue.o
 .text.xQueueGenericCreate
                0x10083728       0x4c .\CortexM4\ARM_GCC_541\Debug\queue.o
                0x10083728                xQueueGenericCreate
 .text.xQueueCreateCountingSemaphore
                0x10083774       0x40 .\CortexM4\ARM_GCC_541\Debug\queue.o
                0x10083774                xQueueCreateCountingSemaphore
 .text.xQueueGenericSend
                0x100837b4      0x190 .\CortexM4\ARM_GCC_541\Debug\queue.o
                0x100837b4                xQueueGenericSend
 .text.xQueueGenericSendFromISR
                0x10083944       0xe4 .\CortexM4\ARM_GCC_541\Debug\queue.o
                0x10083944                xQueueGenericSendFromISR
 .text.xQueueGiveFromISR
                0x10083a28       0xbc .\CortexM4\ARM_GCC_541\Debug\queue.o
                0x10083a28                xQueueGiveFromISR
 .text.xQueueReceive
                0x10083ae4      0x158 .\CortexM4\ARM_GCC_541\Debug\queue.o
                0x10083ae4                xQueueReceive
 .text.xQueueSemaphoreTake
                0x10083c3c      0x140 .\CortexM4\ARM_GCC_541\Debug\queue.o
                0x10083c3c                xQueueSemaphoreTake
 .text.vQueueAddToRegistry
                0x10083d7c       0x28 .\CortexM4\ARM_GCC_541\Debug\queue.o
                0x10083d7c                vQueueAddToRegistry
 .text.vQueueWaitForMessageRestricted
                0x10083da4       0x4c .\CortexM4\ARM_GCC_541\Debug\queue.o
                0x10083da4                vQueueWaitForMessageRestricted
 .text.prvResetNextTaskUnblockTime
                0x10083df0       0x2c .\CortexM4\ARM_GCC_541\Debug\tasks.o
 .text.prvDeleteTCB
                0x10083e1c       0x14 .\CortexM4\ARM_GCC_541\Debug\tasks.o
 .text.prvInitialiseNewTask
                0x10083e30       0xa0 .\CortexM4\ARM_GCC_541\Debug\tasks.o
 .text.prvInitialiseTaskLists
                0x10083ed0       0x58 .\CortexM4\ARM_GCC_541\Debug\tasks.o
 .text.prvAddNewTaskToReadyList
                0x10083f28       0xac .\CortexM4\ARM_GCC_541\Debug\tasks.o
 .text.prvCheckTasksWaitingTermination
                0x10083fd4       0x44 .\CortexM4\ARM_GCC_541\Debug\tasks.o
 .text.prvIdleTask
                0x10084018       0x28 .\CortexM4\ARM_GCC_541\Debug\tasks.o
 .text.prvAddCurrentTaskToDelayedList
                0x10084040       0x68 .\CortexM4\ARM_GCC_541\Debug\tasks.o
 .text.xTaskCreate
                0x100840a8       0x64 .\CortexM4\ARM_GCC_541\Debug\tasks.o
                0x100840a8                xTaskCreate
 .text.vTaskStartScheduler
                0x1008410c       0x7c .\CortexM4\ARM_GCC_541\Debug\tasks.o
                0x1008410c                vTaskStartScheduler
 .text.vTaskSuspendAll
                0x10084188       0x14 .\CortexM4\ARM_GCC_541\Debug\tasks.o
                0x10084188                vTaskSuspendAll
 .text.xTaskGetTickCount
                0x1008419c        0xc .\CortexM4\ARM_GCC_541\Debug\tasks.o
                0x1008419c                xTaskGetTickCount
 .text.xTaskIncrementTick
                0x100841a8      0x118 .\CortexM4\ARM_GCC_541\Debug\tasks.o
                0x100841a8                xTaskIncrementTick
 .text.xTaskResumeAll
                0x100842c0       0xf0 .\CortexM4\ARM_GCC_541\Debug\tasks.o
                0x100842c0                xTaskResumeAll
 .text.vTaskDelay
                0x100843b0       0x50 .\CortexM4\ARM_GCC_541\Debug\tasks.o
                0x100843b0                vTaskDelay
 .text.vTaskSwitchContext
                0x10084400       0xc8 .\CortexM4\ARM_GCC_541\Debug\tasks.o
                0x10084400                vTaskSwitchContext
 .text.vTaskPlaceOnEventList
                0x100844c8       0x34 .\CortexM4\ARM_GCC_541\Debug\tasks.o
                0x100844c8                vTaskPlaceOnEventList
 .text.vTaskPlaceOnEventListRestricted
                0x100844fc       0x3c .\CortexM4\ARM_GCC_541\Debug\tasks.o
                0x100844fc                vTaskPlaceOnEventListRestricted
 .text.xTaskRemoveFromEventList
                0x10084538       0x88 .\CortexM4\ARM_GCC_541\Debug\tasks.o
                0x10084538                xTaskRemoveFromEventList
 .text.vTaskInternalSetTimeOutState
                0x100845c0       0x14 .\CortexM4\ARM_GCC_541\Debug\tasks.o
                0x100845c0                vTaskInternalSetTimeOutState
 .text.xTaskCheckForTimeOut
                0x100845d4       0x80 .\CortexM4\ARM_GCC_541\Debug\tasks.o
                0x100845d4                xTaskCheckForTimeOut
 .text.vTaskMissedYield
                0x10084654       0x10 .\CortexM4\ARM_GCC_541\Debug\tasks.o
                0x10084654                vTaskMissedYield
 .text.xTaskGetSchedulerState
                0x10084664       0x20 .\CortexM4\ARM_GCC_541\Debug\tasks.o
                0x10084664                xTaskGetSchedulerState
 .text.prvGetNextExpireTime
                0x10084684       0x20 .\CortexM4\ARM_GCC_541\Debug\timers.o
 .text.prvInsertTimerInActiveList
                0x100846a4       0x44 .\CortexM4\ARM_GCC_541\Debug\timers.o
 .text.prvCheckForValidListAndQueue
                0x100846e8       0x48 .\CortexM4\ARM_GCC_541\Debug\timers.o
 .text.xTimerCreateTimerTask
                0x10084730       0x50 .\CortexM4\ARM_GCC_541\Debug\timers.o
                0x10084730                xTimerCreateTimerTask
 .text.xTimerGenericCommand
                0x10084780       0x6c .\CortexM4\ARM_GCC_541\Debug\timers.o
                0x10084780                xTimerGenericCommand
 .text.prvSwitchTimerLists
                0x100847ec       0x74 .\CortexM4\ARM_GCC_541\Debug\timers.o
 .text.prvSampleTimeNow
                0x10084860       0x2c .\CortexM4\ARM_GCC_541\Debug\timers.o
 .text.prvProcessExpiredTimer
                0x1008488c       0x5c .\CortexM4\ARM_GCC_541\Debug\timers.o
 .text.prvProcessTimerOrBlockTask
                0x100848e8       0x70 .\CortexM4\ARM_GCC_541\Debug\timers.o
 .text.prvProcessReceivedCommands
                0x10084958       0xbc .\CortexM4\ARM_GCC_541\Debug\timers.o
 .text.prvTimerTask
                0x10084a14       0x18 .\CortexM4\ARM_GCC_541\Debug\timers.o
 .text.prvTaskExitError
                0x10084a2c       0x40 .\CortexM4\ARM_GCC_541\Debug\port.o
 .text.prvPortStartFirstTask
                0x10084a6c       0x28 .\CortexM4\ARM_GCC_541\Debug\port.o
 .text.vPortEnableVFP
                0x10084a94       0x14 .\CortexM4\ARM_GCC_541\Debug\port.o
 .text.pxPortInitialiseStack
                0x10084aa8       0x2c .\CortexM4\ARM_GCC_541\Debug\port.o
                0x10084aa8                pxPortInitialiseStack
 *fill*         0x10084ad4        0xc 
 .text.SVC_Handler
                0x10084ae0       0x24 .\CortexM4\ARM_GCC_541\Debug\port.o
                0x10084ae0                SVC_Handler
 .text.vPortEnterCritical
                0x10084b04       0x44 .\CortexM4\ARM_GCC_541\Debug\port.o
                0x10084b04                vPortEnterCritical
 .text.vPortExitCritical
                0x10084b48       0x2c .\CortexM4\ARM_GCC_541\Debug\port.o
                0x10084b48                vPortExitCritical
 *fill*         0x10084b74        0xc 
 .text.PendSV_Handler
                0x10084b80       0x64 .\CortexM4\ARM_GCC_541\Debug\port.o
                0x10084b80                PendSV_Handler
 .text.SysTick_Handler
                0x10084be4       0x2c .\CortexM4\ARM_GCC_541\Debug\port.o
                0x10084be4                SysTick_Handler
 .text.vPortSetupTimerInterrupt
                0x10084c10       0x38 .\CortexM4\ARM_GCC_541\Debug\port.o
                0x10084c10                vPortSetupTimerInterrupt
 .text.xPortStartScheduler
                0x10084c48       0xe0 .\CortexM4\ARM_GCC_541\Debug\port.o
                0x10084c48                xPortStartScheduler
 .text.vPortValidateInterruptPriority
                0x10084d28       0x58 .\CortexM4\ARM_GCC_541\Debug\port.o
                0x10084d28                vPortValidateInterruptPriority
 .text.vApplicationStackOverflowHook
                0x10084d80       0x24 .\CortexM4\ARM_GCC_541\Debug\port.o
                0x10084d80                vApplicationStackOverflowHook
 .text.prvHeapInit
                0x10084da4       0x58 .\CortexM4\ARM_GCC_541\Debug\heap_4.o
 .text.prvInsertBlockIntoFreeList
                0x10084dfc       0x58 .\CortexM4\ARM_GCC_541\Debug\heap_4.o
 .text.pvPortMalloc
                0x10084e54      0x10c .\CortexM4\ARM_GCC_541\Debug\heap_4.o
                0x10084e54                pvPortMalloc
 .text.vPortFree
                0x10084f60       0x78 .\CortexM4\ARM_GCC_541\Debug\heap_4.o
                0x10084f60                vPortFree
 .text.mUART_Interrupt
                0x10084fd8       0x14 .\CortexM4\ARM_GCC_541\Debug\mUART.o
 .text.mUART_Start
                0x10084fec       0x64 .\CortexM4\ARM_GCC_541\Debug\mUART.o
                0x10084fec                mUART_Start
 .text.Cy_BLE_Start
                0x10085050       0x38 .\CortexM4\ARM_GCC_541\Debug\BLE.o
                0x10085050                Cy_BLE_Start
 .text          0x10085088      0x370 c:/program files (x86)/cypress/psoc creator/4.4/psoc creator/import/gnu/arm/5.4.1/bin/../lib/gcc/arm-none-eabi/5.4.1/armv7e-m/softfp\libgcc.a(_arm_addsubdf3.o)
                0x10085088                __aeabi_drsub
                0x10085090                __aeabi_dsub
                0x10085090                __subdf3
                0x10085094                __aeabi_dadd
                0x10085094                __adddf3
                0x1008530c                __floatunsidf
                0x1008530c                __aeabi_ui2d
                0x1008532c                __floatsidf
                0x1008532c                __aeabi_i2d
                0x10085350                __aeabi_f2d
                0x10085350                __extendsfdf2
                0x1008538c                __floatundidf
                0x1008538c                __aeabi_ul2d
                0x1008539c                __floatdidf
                0x1008539c                __aeabi_l2d
 .text          0x100853f8      0x424 c:/program files (x86)/cypress/psoc creator/4.4/psoc creator/import/gnu/arm/5.4.1/bin/../lib/gcc/arm-none-eabi/5.4.1/armv7e-m/softfp\libgcc.a(_arm_muldivdf3.o)
                0x100853f8                __aeabi_dmul
                0x100853f8                __muldf3
                0x1008564c                __divdf3
                0x1008564c                __aeabi_ddiv
 .text          0x1008581c       0xa0 c:/program files (x86)/cypress/psoc creator/4.4/psoc creator/import/gnu/arm/5.4.1/bin/../lib/gcc/arm-none-eabi/5.4.1/armv7e-m/softfp\libgcc.a(_arm_truncdfsf2.o)
                0x1008581c                __truncdfsf2
                0x1008581c                __aeabi_d2f
 .text.memcmp   0x100858bc       0x1e c:/program files (x86)/cypress/psoc creator/4.4/psoc creator/import/gnu/arm/5.4.1/bin/../lib/gcc/arm-none-eabi/5.4.1/../../../../arm-none-eabi/lib/armv7e-m/softfp\libg_nano.a(lib_a-memcmp.o)
                0x100858bc                memcmp
 .text.memcpy   0x100858da       0x16 c:/program files (x86)/cypress/psoc creator/4.4/psoc creator/import/gnu/arm/5.4.1/bin/../lib/gcc/arm-none-eabi/5.4.1/../../../../arm-none-eabi/lib/armv7e-m/softfp\libg_nano.a(lib_a-memcpy-stub.o)
                0x100858da                memcpy
 .text.memset   0x100858f0       0x10 c:/program files (x86)/cypress/psoc creator/4.4/psoc creator/import/gnu/arm/5.4.1/bin/../lib/gcc/arm-none-eabi/5.4.1/../../../../arm-none-eabi/lib/armv7e-m/softfp\libg_nano.a(lib_a-memset.o)
                0x100858f0                memset
 .text.__cvt    0x10085900       0xc2 c:/program files (x86)/cypress/psoc creator/4.4/psoc creator/import/gnu/arm/5.4.1/bin/../lib/gcc/arm-none-eabi/5.4.1/../../../../arm-none-eabi/lib/armv7e-m/softfp\libg_nano.a(lib_a-nano-vfprintf_float.o)
                0x10085900                __cvt
 .text.__exponent
                0x100859c2       0x60 c:/program files (x86)/cypress/psoc creator/4.4/psoc creator/import/gnu/arm/5.4.1/bin/../lib/gcc/arm-none-eabi/5.4.1/../../../../arm-none-eabi/lib/armv7e-m/softfp\libg_nano.a(lib_a-nano-vfprintf_float.o)
                0x100859c2                __exponent
 *fill*         0x10085a22        0x2 
 .text._printf_float
                0x10085a24      0x488 c:/program files (x86)/cypress/psoc creator/4.4/psoc creator/import/gnu/arm/5.4.1/bin/../lib/gcc/arm-none-eabi/5.4.1/../../../../arm-none-eabi/lib/armv7e-m/softfp\libg_nano.a(lib_a-nano-vfprintf_float.o)
                0x10085a24                _printf_float
 .text._printf_common
                0x10085eac       0xec c:/program files (x86)/cypress/psoc creator/4.4/psoc creator/import/gnu/arm/5.4.1/bin/../lib/gcc/arm-none-eabi/5.4.1/../../../../arm-none-eabi/lib/armv7e-m/softfp\libg_nano.a(lib_a-nano-vfprintf_i.o)
                0x10085eac                _printf_common
 .text._printf_i
                0x10085f98      0x24c c:/program files (x86)/cypress/psoc creator/4.4/psoc creator/import/gnu/arm/5.4.1/bin/../lib/gcc/arm-none-eabi/5.4.1/../../../../arm-none-eabi/lib/armv7e-m/softfp\libg_nano.a(lib_a-nano-vfprintf_i.o)
                0x10085f98                _printf_i
 .text.printf   0x100861e4       0x30 c:/program files (x86)/cypress/psoc creator/4.4/psoc creator/import/gnu/arm/5.4.1/bin/../lib/gcc/arm-none-eabi/5.4.1/../../../../arm-none-eabi/lib/armv7e-m/softfp\libg_nano.a(lib_a-printf.o)
                0x100861e4                iprintf
                0x100861e4                printf
 .text._puts_r  0x10086214       0xb4 c:/program files (x86)/cypress/psoc creator/4.4/psoc creator/import/gnu/arm/5.4.1/bin/../lib/gcc/arm-none-eabi/5.4.1/../../../../arm-none-eabi/lib/armv7e-m/softfp\libg_nano.a(lib_a-puts.o)
                0x10086214                _puts_r
 .text.puts     0x100862c8       0x10 c:/program files (x86)/cypress/psoc creator/4.4/psoc creator/import/gnu/arm/5.4.1/bin/../lib/gcc/arm-none-eabi/5.4.1/../../../../arm-none-eabi/lib/armv7e-m/softfp\libg_nano.a(lib_a-puts.o)
                0x100862c8                puts
 .text.setvbuf  0x100862d8      0x154 c:/program files (x86)/cypress/psoc creator/4.4/psoc creator/import/gnu/arm/5.4.1/bin/../lib/gcc/arm-none-eabi/5.4.1/../../../../arm-none-eabi/lib/armv7e-m/softfp\libg_nano.a(lib_a-setvbuf.o)
                0x100862d8                setvbuf
 .text          0x1008642c       0x10 c:/program files (x86)/cypress/psoc creator/4.4/psoc creator/import/gnu/arm/5.4.1/bin/../lib/gcc/arm-none-eabi/5.4.1/../../../../arm-none-eabi/lib/armv7e-m/softfp\libg_nano.a(lib_a-strlen.o)
                0x1008642c                strlen
 .text.strncpy  0x1008643c       0x26 c:/program files (x86)/cypress/psoc creator/4.4/psoc creator/import/gnu/arm/5.4.1/bin/../lib/gcc/arm-none-eabi/5.4.1/../../../../arm-none-eabi/lib/armv7e-m/softfp\libg_nano.a(lib_a-strncpy.o)
                0x1008643c                strncpy
 *fill*         0x10086462        0x2 
 .text.__swbuf_r
                0x10086464       0xa8 c:/program files (x86)/cypress/psoc creator/4.4/psoc creator/import/gnu/arm/5.4.1/bin/../lib/gcc/arm-none-eabi/5.4.1/../../../../arm-none-eabi/lib/armv7e-m/softfp\libg_nano.a(lib_a-wbuf.o)
                0x10086464                __swbuf_r
 .text.__swsetup_r
                0x1008650c       0xdc c:/program files (x86)/cypress/psoc creator/4.4/psoc creator/import/gnu/arm/5.4.1/bin/../lib/gcc/arm-none-eabi/5.4.1/../../../../arm-none-eabi/lib/armv7e-m/softfp\libg_nano.a(lib_a-wsetup.o)
                0x1008650c                __swsetup_r
 .text.quorem   0x100865e8      0x11e c:/program files (x86)/cypress/psoc creator/4.4/psoc creator/import/gnu/arm/5.4.1/bin/../lib/gcc/arm-none-eabi/5.4.1/../../../../arm-none-eabi/lib/armv7e-m/softfp\libg_nano.a(lib_a-dtoa.o)
 *fill*         0x10086706        0x2 
 .text._dtoa_r  0x10086708      0xb38 c:/program files (x86)/cypress/psoc creator/4.4/psoc creator/import/gnu/arm/5.4.1/bin/../lib/gcc/arm-none-eabi/5.4.1/../../../../arm-none-eabi/lib/armv7e-m/softfp\libg_nano.a(lib_a-dtoa.o)
                0x10086708                _dtoa_r
 .text.__sflush_r
                0x10087240      0x110 c:/program files (x86)/cypress/psoc creator/4.4/psoc creator/import/gnu/arm/5.4.1/bin/../lib/gcc/arm-none-eabi/5.4.1/../../../../arm-none-eabi/lib/armv7e-m/softfp\libg_nano.a(lib_a-fflush.o)
                0x10087240                __sflush_r
 .text._fflush_r
                0x10087350       0x54 c:/program files (x86)/cypress/psoc creator/4.4/psoc creator/import/gnu/arm/5.4.1/bin/../lib/gcc/arm-none-eabi/5.4.1/../../../../arm-none-eabi/lib/armv7e-m/softfp\libg_nano.a(lib_a-fflush.o)
                0x10087350                _fflush_r
 .text._cleanup_r
                0x100873a4        0xc c:/program files (x86)/cypress/psoc creator/4.4/psoc creator/import/gnu/arm/5.4.1/bin/../lib/gcc/arm-none-eabi/5.4.1/../../../../arm-none-eabi/lib/armv7e-m/softfp\libg_nano.a(lib_a-findfp.o)
                0x100873a4                _cleanup_r
 .text.std.isra.0
                0x100873b0       0x48 c:/program files (x86)/cypress/psoc creator/4.4/psoc creator/import/gnu/arm/5.4.1/bin/../lib/gcc/arm-none-eabi/5.4.1/../../../../arm-none-eabi/lib/armv7e-m/softfp\libg_nano.a(lib_a-findfp.o)
 .text.__sfmoreglue
                0x100873f8       0x2c c:/program files (x86)/cypress/psoc creator/4.4/psoc creator/import/gnu/arm/5.4.1/bin/../lib/gcc/arm-none-eabi/5.4.1/../../../../arm-none-eabi/lib/armv7e-m/softfp\libg_nano.a(lib_a-findfp.o)
                0x100873f8                __sfmoreglue
 .text.__sinit  0x10087424       0x60 c:/program files (x86)/cypress/psoc creator/4.4/psoc creator/import/gnu/arm/5.4.1/bin/../lib/gcc/arm-none-eabi/5.4.1/../../../../arm-none-eabi/lib/armv7e-m/softfp\libg_nano.a(lib_a-findfp.o)
                0x10087424                __sinit
 .text.__sfp    0x10087484       0x78 c:/program files (x86)/cypress/psoc creator/4.4/psoc creator/import/gnu/arm/5.4.1/bin/../lib/gcc/arm-none-eabi/5.4.1/../../../../arm-none-eabi/lib/armv7e-m/softfp\libg_nano.a(lib_a-findfp.o)
                0x10087484                __sfp
 .text._fwalk_reent
                0x100874fc       0x3c c:/program files (x86)/cypress/psoc creator/4.4/psoc creator/import/gnu/arm/5.4.1/bin/../lib/gcc/arm-none-eabi/5.4.1/../../../../arm-none-eabi/lib/armv7e-m/softfp\libg_nano.a(lib_a-fwalk.o)
                0x100874fc                _fwalk_reent
 .text._localeconv_r
                0x10087538        0x8 c:/program files (x86)/cypress/psoc creator/4.4/psoc creator/import/gnu/arm/5.4.1/bin/../lib/gcc/arm-none-eabi/5.4.1/../../../../arm-none-eabi/lib/armv7e-m/softfp\libg_nano.a(lib_a-locale.o)
                0x10087538                _localeconv_r
 .text.__swhatbuf_r
                0x10087540       0x46 c:/program files (x86)/cypress/psoc creator/4.4/psoc creator/import/gnu/arm/5.4.1/bin/../lib/gcc/arm-none-eabi/5.4.1/../../../../arm-none-eabi/lib/armv7e-m/softfp\libg_nano.a(lib_a-makebuf.o)
                0x10087540                __swhatbuf_r
 *fill*         0x10087586        0x2 
 .text.__smakebuf_r
                0x10087588       0x78 c:/program files (x86)/cypress/psoc creator/4.4/psoc creator/import/gnu/arm/5.4.1/bin/../lib/gcc/arm-none-eabi/5.4.1/../../../../arm-none-eabi/lib/armv7e-m/softfp\libg_nano.a(lib_a-makebuf.o)
                0x10087588                __smakebuf_r
 .text.malloc   0x10087600       0x10 c:/program files (x86)/cypress/psoc creator/4.4/psoc creator/import/gnu/arm/5.4.1/bin/../lib/gcc/arm-none-eabi/5.4.1/../../../../arm-none-eabi/lib/armv7e-m/softfp\libg_nano.a(lib_a-malloc.o)
                0x10087600                malloc
 .text          0x10087610       0xa0 c:/program files (x86)/cypress/psoc creator/4.4/psoc creator/import/gnu/arm/5.4.1/bin/../lib/gcc/arm-none-eabi/5.4.1/../../../../arm-none-eabi/lib/armv7e-m/softfp\libg_nano.a(lib_a-memchr.o)
                0x10087610                memchr
 .text._Balloc  0x100876b0       0x6a c:/program files (x86)/cypress/psoc creator/4.4/psoc creator/import/gnu/arm/5.4.1/bin/../lib/gcc/arm-none-eabi/5.4.1/../../../../arm-none-eabi/lib/armv7e-m/softfp\libg_nano.a(lib_a-mprec.o)
                0x100876b0                _Balloc
 .text._Bfree   0x1008771a       0x2e c:/program files (x86)/cypress/psoc creator/4.4/psoc creator/import/gnu/arm/5.4.1/bin/../lib/gcc/arm-none-eabi/5.4.1/../../../../arm-none-eabi/lib/armv7e-m/softfp\libg_nano.a(lib_a-mprec.o)
                0x1008771a                _Bfree
 .text.__multadd
                0x10087748       0x76 c:/program files (x86)/cypress/psoc creator/4.4/psoc creator/import/gnu/arm/5.4.1/bin/../lib/gcc/arm-none-eabi/5.4.1/../../../../arm-none-eabi/lib/armv7e-m/softfp\libg_nano.a(lib_a-mprec.o)
                0x10087748                __multadd
 .text.__hi0bits
                0x100877be       0x40 c:/program files (x86)/cypress/psoc creator/4.4/psoc creator/import/gnu/arm/5.4.1/bin/../lib/gcc/arm-none-eabi/5.4.1/../../../../arm-none-eabi/lib/armv7e-m/softfp\libg_nano.a(lib_a-mprec.o)
                0x100877be                __hi0bits
 .text.__lo0bits
                0x100877fe       0x5a c:/program files (x86)/cypress/psoc creator/4.4/psoc creator/import/gnu/arm/5.4.1/bin/../lib/gcc/arm-none-eabi/5.4.1/../../../../arm-none-eabi/lib/armv7e-m/softfp\libg_nano.a(lib_a-mprec.o)
                0x100877fe                __lo0bits
 .text.__i2b    0x10087858       0x12 c:/program files (x86)/cypress/psoc creator/4.4/psoc creator/import/gnu/arm/5.4.1/bin/../lib/gcc/arm-none-eabi/5.4.1/../../../../arm-none-eabi/lib/armv7e-m/softfp\libg_nano.a(lib_a-mprec.o)
                0x10087858                __i2b
 .text.__multiply
                0x1008786a      0x122 c:/program files (x86)/cypress/psoc creator/4.4/psoc creator/import/gnu/arm/5.4.1/bin/../lib/gcc/arm-none-eabi/5.4.1/../../../../arm-none-eabi/lib/armv7e-m/softfp\libg_nano.a(lib_a-mprec.o)
                0x1008786a                __multiply
 .text.__pow5mult
                0x1008798c       0x9c c:/program files (x86)/cypress/psoc creator/4.4/psoc creator/import/gnu/arm/5.4.1/bin/../lib/gcc/arm-none-eabi/5.4.1/../../../../arm-none-eabi/lib/armv7e-m/softfp\libg_nano.a(lib_a-mprec.o)
                0x1008798c                __pow5mult
 .text.__lshift
                0x10087a28       0xa2 c:/program files (x86)/cypress/psoc creator/4.4/psoc creator/import/gnu/arm/5.4.1/bin/../lib/gcc/arm-none-eabi/5.4.1/../../../../arm-none-eabi/lib/armv7e-m/softfp\libg_nano.a(lib_a-mprec.o)
                0x10087a28                __lshift
 .text.__mcmp   0x10087aca       0x38 c:/program files (x86)/cypress/psoc creator/4.4/psoc creator/import/gnu/arm/5.4.1/bin/../lib/gcc/arm-none-eabi/5.4.1/../../../../arm-none-eabi/lib/armv7e-m/softfp\libg_nano.a(lib_a-mprec.o)
                0x10087aca                __mcmp
 .text.__mdiff  0x10087b02       0xbe c:/program files (x86)/cypress/psoc creator/4.4/psoc creator/import/gnu/arm/5.4.1/bin/../lib/gcc/arm-none-eabi/5.4.1/../../../../arm-none-eabi/lib/armv7e-m/softfp\libg_nano.a(lib_a-mprec.o)
                0x10087b02                __mdiff
 .text.__d2b    0x10087bc0       0x9c c:/program files (x86)/cypress/psoc creator/4.4/psoc creator/import/gnu/arm/5.4.1/bin/../lib/gcc/arm-none-eabi/5.4.1/../../../../arm-none-eabi/lib/armv7e-m/softfp\libg_nano.a(lib_a-mprec.o)
                0x10087bc0                __d2b
 .text._calloc_r
                0x10087c5c       0x1c c:/program files (x86)/cypress/psoc creator/4.4/psoc creator/import/gnu/arm/5.4.1/bin/../lib/gcc/arm-none-eabi/5.4.1/../../../../arm-none-eabi/lib/armv7e-m/softfp\libg_nano.a(lib_a-nano-callocr.o)
                0x10087c5c                _calloc_r
 .text._free_r  0x10087c78       0x9c c:/program files (x86)/cypress/psoc creator/4.4/psoc creator/import/gnu/arm/5.4.1/bin/../lib/gcc/arm-none-eabi/5.4.1/../../../../arm-none-eabi/lib/armv7e-m/softfp\libg_nano.a(lib_a-nano-freer.o)
                0x10087c78                _free_r
 .text._malloc_r
                0x10087d14       0xbc c:/program files (x86)/cypress/psoc creator/4.4/psoc creator/import/gnu/arm/5.4.1/bin/../lib/gcc/arm-none-eabi/5.4.1/../../../../arm-none-eabi/lib/armv7e-m/softfp\libg_nano.a(lib_a-nano-mallocr.o)
                0x10087d14                _malloc_r
 .text.__sfputc_r
                0x10087dd0       0x30 c:/program files (x86)/cypress/psoc creator/4.4/psoc creator/import/gnu/arm/5.4.1/bin/../lib/gcc/arm-none-eabi/5.4.1/../../../../arm-none-eabi/lib/armv7e-m/softfp\libg_nano.a(lib_a-nano-vfprintf.o)
 .text.__sfputs_r
                0x10087e00       0x24 c:/program files (x86)/cypress/psoc creator/4.4/psoc creator/import/gnu/arm/5.4.1/bin/../lib/gcc/arm-none-eabi/5.4.1/../../../../arm-none-eabi/lib/armv7e-m/softfp\libg_nano.a(lib_a-nano-vfprintf.o)
                0x10087e00                __sfputs_r
 .text._vfprintf_r
                0x10087e24      0x238 c:/program files (x86)/cypress/psoc creator/4.4/psoc creator/import/gnu/arm/5.4.1/bin/../lib/gcc/arm-none-eabi/5.4.1/../../../../arm-none-eabi/lib/armv7e-m/softfp\libg_nano.a(lib_a-nano-vfprintf.o)
                0x10087e24                _vfprintf_r
                0x10087e24                _vfiprintf_r
 .text._sbrk_r  0x1008805c       0x20 c:/program files (x86)/cypress/psoc creator/4.4/psoc creator/import/gnu/arm/5.4.1/bin/../lib/gcc/arm-none-eabi/5.4.1/../../../../arm-none-eabi/lib/armv7e-m/softfp\libg_nano.a(lib_a-sbrkr.o)
                0x1008805c                _sbrk_r
 .text.__sread  0x1008807c       0x22 c:/program files (x86)/cypress/psoc creator/4.4/psoc creator/import/gnu/arm/5.4.1/bin/../lib/gcc/arm-none-eabi/5.4.1/../../../../arm-none-eabi/lib/armv7e-m/softfp\libg_nano.a(lib_a-stdio.o)
                0x1008807c                __sread
 .text.__swrite
                0x1008809e       0x38 c:/program files (x86)/cypress/psoc creator/4.4/psoc creator/import/gnu/arm/5.4.1/bin/../lib/gcc/arm-none-eabi/5.4.1/../../../../arm-none-eabi/lib/armv7e-m/softfp\libg_nano.a(lib_a-stdio.o)
                0x1008809e                __swrite
 .text.__sseek  0x100880d6       0x24 c:/program files (x86)/cypress/psoc creator/4.4/psoc creator/import/gnu/arm/5.4.1/bin/../lib/gcc/arm-none-eabi/5.4.1/../../../../arm-none-eabi/lib/armv7e-m/softfp\libg_nano.a(lib_a-stdio.o)
                0x100880d6                __sseek
 .text.__sclose
                0x100880fa        0x8 c:/program files (x86)/cypress/psoc creator/4.4/psoc creator/import/gnu/arm/5.4.1/bin/../lib/gcc/arm-none-eabi/5.4.1/../../../../arm-none-eabi/lib/armv7e-m/softfp\libg_nano.a(lib_a-stdio.o)
                0x100880fa                __sclose
 *fill*         0x10088102        0x2 
 .text._write_r
                0x10088104       0x24 c:/program files (x86)/cypress/psoc creator/4.4/psoc creator/import/gnu/arm/5.4.1/bin/../lib/gcc/arm-none-eabi/5.4.1/../../../../arm-none-eabi/lib/armv7e-m/softfp\libg_nano.a(lib_a-writer.o)
                0x10088104                _write_r
 .text._close_r
                0x10088128       0x20 c:/program files (x86)/cypress/psoc creator/4.4/psoc creator/import/gnu/arm/5.4.1/bin/../lib/gcc/arm-none-eabi/5.4.1/../../../../arm-none-eabi/lib/armv7e-m/softfp\libg_nano.a(lib_a-closer.o)
                0x10088128                _close_r
 .text._fstat_r
                0x10088148       0x24 c:/program files (x86)/cypress/psoc creator/4.4/psoc creator/import/gnu/arm/5.4.1/bin/../lib/gcc/arm-none-eabi/5.4.1/../../../../arm-none-eabi/lib/armv7e-m/softfp\libg_nano.a(lib_a-fstatr.o)
                0x10088148                _fstat_r
 .text._isatty_r
                0x1008816c       0x20 c:/program files (x86)/cypress/psoc creator/4.4/psoc creator/import/gnu/arm/5.4.1/bin/../lib/gcc/arm-none-eabi/5.4.1/../../../../arm-none-eabi/lib/armv7e-m/softfp\libg_nano.a(lib_a-isattyr.o)
                0x1008816c                _isatty_r
 .text._lseek_r
                0x1008818c       0x24 c:/program files (x86)/cypress/psoc creator/4.4/psoc creator/import/gnu/arm/5.4.1/bin/../lib/gcc/arm-none-eabi/5.4.1/../../../../arm-none-eabi/lib/armv7e-m/softfp\libg_nano.a(lib_a-lseekr.o)
                0x1008818c                _lseek_r
 .text.__malloc_lock
                0x100881b0        0x2 c:/program files (x86)/cypress/psoc creator/4.4/psoc creator/import/gnu/arm/5.4.1/bin/../lib/gcc/arm-none-eabi/5.4.1/../../../../arm-none-eabi/lib/armv7e-m/softfp\libg_nano.a(lib_a-mlock.o)
                0x100881b0                __malloc_lock
 .text.__malloc_unlock
                0x100881b2        0x2 c:/program files (x86)/cypress/psoc creator/4.4/psoc creator/import/gnu/arm/5.4.1/bin/../lib/gcc/arm-none-eabi/5.4.1/../../../../arm-none-eabi/lib/armv7e-m/softfp\libg_nano.a(lib_a-mlock.o)
                0x100881b2                __malloc_unlock
 .text._read_r  0x100881b4       0x24 c:/program files (x86)/cypress/psoc creator/4.4/psoc creator/import/gnu/arm/5.4.1/bin/../lib/gcc/arm-none-eabi/5.4.1/../../../../arm-none-eabi/lib/armv7e-m/softfp\libg_nano.a(lib_a-readr.o)
                0x100881b4                _read_r
 .text          0x100881d8      0x110 c:/program files (x86)/cypress/psoc creator/4.4/psoc creator/import/gnu/arm/5.4.1/bin/../lib/gcc/arm-none-eabi/5.4.1/armv7e-m/softfp\libgcc.a(_arm_cmpdf2.o)
                0x100881d8                __gtdf2
                0x100881d8                __gedf2
                0x100881e0                __ltdf2
                0x100881e0                __ledf2
                0x100881e8                __nedf2
                0x100881e8                __eqdf2
                0x100881e8                __cmpdf2
                0x10088264                __aeabi_cdrcmple
                0x10088274                __aeabi_cdcmpeq
                0x10088274                __aeabi_cdcmple
                0x10088284                __aeabi_dcmpeq
                0x10088298                __aeabi_dcmplt
                0x100882ac                __aeabi_dcmple
                0x100882c0                __aeabi_dcmpge
                0x100882d4                __aeabi_dcmpgt
 .text          0x100882e8       0x2c c:/program files (x86)/cypress/psoc creator/4.4/psoc creator/import/gnu/arm/5.4.1/bin/../lib/gcc/arm-none-eabi/5.4.1/armv7e-m/softfp\libgcc.a(_arm_unorddf2.o)
                0x100882e8                __unorddf2
                0x100882e8                __aeabi_dcmpun
 .text          0x10088314       0x50 c:/program files (x86)/cypress/psoc creator/4.4/psoc creator/import/gnu/arm/5.4.1/bin/../lib/gcc/arm-none-eabi/5.4.1/armv7e-m/softfp\libgcc.a(_arm_fixdfsi.o)
                0x10088314                __aeabi_d2iz
                0x10088314                __fixdfsi
 .text._close   0x10088364       0x10 c:/program files (x86)/cypress/psoc creator/4.4/psoc creator/import/gnu/arm/5.4.1/bin/../lib/gcc/arm-none-eabi/5.4.1/../../../../arm-none-eabi/lib/armv7e-m/softfp\libnosys.a(close.o)
                0x10088364                _close
 .text._fstat   0x10088374       0x10 c:/program files (x86)/cypress/psoc creator/4.4/psoc creator/import/gnu/arm/5.4.1/bin/../lib/gcc/arm-none-eabi/5.4.1/../../../../arm-none-eabi/lib/armv7e-m/softfp\libnosys.a(fstat.o)
                0x10088374                _fstat
 .text._isatty  0x10088384       0x10 c:/program files (x86)/cypress/psoc creator/4.4/psoc creator/import/gnu/arm/5.4.1/bin/../lib/gcc/arm-none-eabi/5.4.1/../../../../arm-none-eabi/lib/armv7e-m/softfp\libnosys.a(isatty.o)
                0x10088384                _isatty
 .text._lseek   0x10088394       0x10 c:/program files (x86)/cypress/psoc creator/4.4/psoc creator/import/gnu/arm/5.4.1/bin/../lib/gcc/arm-none-eabi/5.4.1/../../../../arm-none-eabi/lib/armv7e-m/softfp\libnosys.a(lseek.o)
                0x10088394                _lseek
 .text._sbrk    0x100883a4       0x1c c:/program files (x86)/cypress/psoc creator/4.4/psoc creator/import/gnu/arm/5.4.1/bin/../lib/gcc/arm-none-eabi/5.4.1/../../../../arm-none-eabi/lib/armv7e-m/softfp\libnosys.a(sbrk.o)
                0x100883a4                _sbrk
 *(.init)
 .init          0x100883c0        0x4 c:/program files (x86)/cypress/psoc creator/4.4/psoc creator/import/gnu/arm/5.4.1/bin/../lib/gcc/arm-none-eabi/5.4.1/armv7e-m/softfp/crti.o
                0x100883c0                _init
 .init          0x100883c4        0x8 c:/program files (x86)/cypress/psoc creator/4.4/psoc creator/import/gnu/arm/5.4.1/bin/../lib/gcc/arm-none-eabi/5.4.1/armv7e-m/softfp/crtn.o
 *(.fini)
 .fini          0x100883cc        0x4 c:/program files (x86)/cypress/psoc creator/4.4/psoc creator/import/gnu/arm/5.4.1/bin/../lib/gcc/arm-none-eabi/5.4.1/armv7e-m/softfp/crti.o
                0x100883cc                _fini
 .fini          0x100883d0        0x8 c:/program files (x86)/cypress/psoc creator/4.4/psoc creator/import/gnu/arm/5.4.1/bin/../lib/gcc/arm-none-eabi/5.4.1/armv7e-m/softfp/crtn.o
 *crtbegin.o(.ctors)
 *crtbegin?.o(.ctors)
 *(EXCLUDE_FILE(*crtend.o *crtend?.o) .ctors)
 *(SORT(.ctors.*))
 *(.ctors)
 *crtbegin.o(.dtors)
 *crtbegin?.o(.dtors)
 *(EXCLUDE_FILE(*crtend.o *crtend?.o) .dtors)
 *(SORT(.dtors.*))
 *(.dtors)
 *(.rodata .rodata.* .constdata .constdata.* .conststring .conststring.*)
 .rodata.str1.4
                0x100883d8       0x25 .\CortexM4\ARM_GCC_541\Debug\sensorDriver.o
 *fill*         0x100883fd        0x3 
 .rodata.str1.4
                0x10088400       0xfc .\CortexM4\ARM_GCC_541\Debug\main_cm4.o
 .rodata        0x100884fc       0x34 .\CortexM4\ARM_GCC_541\Debug\system_psoc6_cm4.o
 .rodata        0x10088530       0x10 .\CortexM4\ARM_GCC_541\Debug\cyfitter_sysint_cfg.o
                0x10088530                mI2C_SCB_IRQ_cfg
                0x10088538                mUART_SCB_IRQ_cfg
 .rodata.str1.4
                0x10088540       0x3f .\CortexM4\ARM_GCC_541\Debug\cy_flash.o
 *fill*         0x1008857f        0x1 
 .rodata.str1.4
                0x10088580       0x7f .\CortexM4\ARM_GCC_541\Debug\cy_ipc_drv.o
 .rodata.str1.4
                0x100885ff       0x3f .\CortexM4\ARM_GCC_541\Debug\cy_ipc_sema.o
 *fill*         0x100885ff        0x1 
 .rodata.str1.4
                0x10088600       0x40 .\CortexM4\ARM_GCC_541\Debug\cy_ipc_pipe.o
                                 0x7f (size before relaxing)
 .rodata.str1.4
                0x10088640       0xc3 .\CortexM4\ARM_GCC_541\Debug\cy_scb_i2c.o
 *fill*         0x10088703        0x1 
 .rodata.str1.4
                0x10088704       0x80 .\CortexM4\ARM_GCC_541\Debug\cy_scb_uart.o
                                 0xc4 (size before relaxing)
 .rodata.str1.4
                0x10088784       0x41 .\CortexM4\ARM_GCC_541\Debug\cy_sysint.o
 *fill*         0x100887c5        0x3 
 .rodata        0x100887c8      0x170 .\CortexM4\ARM_GCC_541\Debug\cy_device.o
                0x100887c8                cy_deviceIpBlockCfgPSoC6_02
                0x10088880                cy_deviceIpBlockCfgPSoC6_01
 .rodata        0x10088938       0x14 .\CortexM4\ARM_GCC_541\Debug\cy_ble.o
 .rodata        0x1008894c      0x100 .\CortexM4\ARM_GCC_541\Debug\cy_ble_hal_pvt.o
 .rodata        0x10088a4c        0xa .\CortexM4\ARM_GCC_541\Debug\cy_ble_event_handler.o
 *fill*         0x10088a56        0x2 
 .rodata.str1.4
                0x10088a58       0x37 .\CortexM4\ARM_GCC_541\Debug\cy_ble_event_handler.o
 *fill*         0x10088a8f        0x1 
 .rodata.str1.4
                0x10088a90        0x5 .\CortexM4\ARM_GCC_541\Debug\tasks.o
 *fill*         0x10088a95        0x3 
 .rodata.str1.4
                0x10088a98       0x10 .\CortexM4\ARM_GCC_541\Debug\timers.o
 .rodata.str1.4
                0x10088aa8       0x50 .\CortexM4\ARM_GCC_541\Debug\port.o
 .rodata        0x10088af8       0x14 .\CortexM4\ARM_GCC_541\Debug\mI2C.o
                0x10088af8                mI2C_config
 .rodata        0x10088b0c       0x40 .\CortexM4\ARM_GCC_541\Debug\mUART.o
                0x10088b0c                mUART_config
 .rodata        0x10088b4c      0x1ee .\CortexM4\ARM_GCC_541\Debug\BLE_config.o
 *fill*         0x10088d3a        0x2 
 .rodata        0x10088d3c        0xa .\CortexM4\ARM_GCC_541\Debug\BLE_custom_config.o
 .constdata     0x10088d46       0x18 Generated_Source\PSoC6\pdl\middleware\ble\lib\cy_ble_stack_gcc_host_ipc_cm4.a(BT_os.o)
                0x10088d46                cyBleStackMemoryConfig
 *fill*         0x10088d5e        0x2 
 .constdata     0x10088d60       0x58 Generated_Source\PSoC6\pdl\middleware\ble\lib\cy_ble_stack_gcc_host_ipc_cm4.a(l2cap_init.o)
                0x10088d60                l2cap_le_sig_handler
 .constdata     0x10088db8       0x3c Generated_Source\PSoC6\pdl\middleware\ble\lib\cy_ble_stack_gcc_host_ipc_cm4.a(fsm_engine_pl.o)
                0x10088db8                fsm_module_table
 .constdata     0x10088df4      0x110 Generated_Source\PSoC6\pdl\middleware\ble\lib\cy_ble_stack_gcc_host_ipc_cm4.a(gap_hci_iface.o)
                0x10088df4                hciCommandCompleteEventHandlers
 .constdata     0x10088f04       0x20 Generated_Source\PSoC6\pdl\middleware\ble\lib\cy_ble_stack_gcc_host_ipc_cm4.a(gap_privacy.o)
 .constdata     0x10088f24       0x32 Generated_Source\PSoC6\pdl\middleware\ble\lib\cy_ble_stack_gcc_host_ipc_cm4.a(smp_core.o)
                0x10088f24                smp_iocap_assoc_map
                0x10088f3d                smp_sc_iocap_assoc_map
 *fill*         0x10088f56        0x2 
 .constdata     0x10088f58        0xc Generated_Source\PSoC6\pdl\middleware\ble\lib\cy_ble_stack_gcc_host_ipc_cm4.a(smp_interface.o)
                0x10088f58                smp_event_fp
 .constdata     0x10088f64       0x22 Generated_Source\PSoC6\pdl\middleware\ble\lib\cy_ble_stack_gcc_host_ipc_cm4.a(smp_utils.o)
                0x10088f64                smp_event_map
 *fill*         0x10088f86        0x2 
 .constdata     0x10088f88       0xb4 Generated_Source\PSoC6\pdl\middleware\ble\lib\cy_ble_stack_gcc_host_ipc_cm4.a(smp_fsm_table.o)
                0x10088f88                smp_state_event_table
 .constdata     0x1008903c      0x110 Generated_Source\PSoC6\pdl\middleware\ble\lib\cy_ble_stack_gcc_host_ipc_cm4.a(smp_fsm_table.o)
                0x1008903c                smp_event_handler_table
 .constdata     0x1008914c       0x20 Generated_Source\PSoC6\pdl\middleware\ble\lib\cy_ble_stack_gcc_host_ipc_cm4.a(aes_cmac.o)
                0x1008914c                cmac_zero_data
                0x1008915c                cmac_rb_data
 .constdata     0x1008916c       0x60 Generated_Source\PSoC6\pdl\middleware\ble\lib\cy_ble_stack_gcc_host_ipc_cm4.a(att_fsm_table.o)
                0x1008916c                att_state_event_table
 .constdata     0x100891cc       0x58 Generated_Source\PSoC6\pdl\middleware\ble\lib\cy_ble_stack_gcc_host_ipc_cm4.a(att_fsm_table.o)
                0x100891cc                att_event_handler_table
 .rodata.str1.1
                0x10089224        0x2 c:/program files (x86)/cypress/psoc creator/4.4/psoc creator/import/gnu/arm/5.4.1/bin/../lib/gcc/arm-none-eabi/5.4.1/../../../../arm-none-eabi/lib/armv7e-m/softfp\libg_nano.a(lib_a-impure.o)
 *fill*         0x10089226        0x2 
 .rodata._global_impure_ptr
                0x10089228        0x4 c:/program files (x86)/cypress/psoc creator/4.4/psoc creator/import/gnu/arm/5.4.1/bin/../lib/gcc/arm-none-eabi/5.4.1/../../../../arm-none-eabi/lib/armv7e-m/softfp\libg_nano.a(lib_a-impure.o)
                0x10089228                _global_impure_ptr
 .rodata.str1.1
                0x1008922c       0x12 c:/program files (x86)/cypress/psoc creator/4.4/psoc creator/import/gnu/arm/5.4.1/bin/../lib/gcc/arm-none-eabi/5.4.1/../../../../arm-none-eabi/lib/armv7e-m/softfp\libg_nano.a(lib_a-nano-vfprintf_float.o)
 .rodata.str1.1
                0x1008923e       0x22 c:/program files (x86)/cypress/psoc creator/4.4/psoc creator/import/gnu/arm/5.4.1/bin/../lib/gcc/arm-none-eabi/5.4.1/../../../../arm-none-eabi/lib/armv7e-m/softfp\libg_nano.a(lib_a-nano-vfprintf_i.o)
 .rodata.str1.1
                0x10089260        0xd c:/program files (x86)/cypress/psoc creator/4.4/psoc creator/import/gnu/arm/5.4.1/bin/../lib/gcc/arm-none-eabi/5.4.1/../../../../arm-none-eabi/lib/armv7e-m/softfp\libg_nano.a(lib_a-dtoa.o)
                                  0xf (size before relaxing)
 *fill*         0x1008926d        0x3 
 .rodata.__sf_fake_stdin
                0x10089270       0x20 c:/program files (x86)/cypress/psoc creator/4.4/psoc creator/import/gnu/arm/5.4.1/bin/../lib/gcc/arm-none-eabi/5.4.1/../../../../arm-none-eabi/lib/armv7e-m/softfp\libg_nano.a(lib_a-findfp.o)
                0x10089270                __sf_fake_stdin
 .rodata.__sf_fake_stdout
                0x10089290       0x20 c:/program files (x86)/cypress/psoc creator/4.4/psoc creator/import/gnu/arm/5.4.1/bin/../lib/gcc/arm-none-eabi/5.4.1/../../../../arm-none-eabi/lib/armv7e-m/softfp\libg_nano.a(lib_a-findfp.o)
                0x10089290                __sf_fake_stdout
 .rodata.__sf_fake_stderr
                0x100892b0       0x20 c:/program files (x86)/cypress/psoc creator/4.4/psoc creator/import/gnu/arm/5.4.1/bin/../lib/gcc/arm-none-eabi/5.4.1/../../../../arm-none-eabi/lib/armv7e-m/softfp\libg_nano.a(lib_a-findfp.o)
                0x100892b0                __sf_fake_stderr
 .rodata.str1.1
                0x100892d0        0x8 c:/program files (x86)/cypress/psoc creator/4.4/psoc creator/import/gnu/arm/5.4.1/bin/../lib/gcc/arm-none-eabi/5.4.1/../../../../arm-none-eabi/lib/armv7e-m/softfp\libg_nano.a(lib_a-locale.o)
                                  0xb (size before relaxing)
 .rodata.p05.5410
                0x100892d8        0xc c:/program files (x86)/cypress/psoc creator/4.4/psoc creator/import/gnu/arm/5.4.1/bin/../lib/gcc/arm-none-eabi/5.4.1/../../../../arm-none-eabi/lib/armv7e-m/softfp\libg_nano.a(lib_a-mprec.o)
 *fill*         0x100892e4        0x4 
 .rodata.__mprec_bigtens
                0x100892e8       0x28 c:/program files (x86)/cypress/psoc creator/4.4/psoc creator/import/gnu/arm/5.4.1/bin/../lib/gcc/arm-none-eabi/5.4.1/../../../../arm-none-eabi/lib/armv7e-m/softfp\libg_nano.a(lib_a-mprec.o)
                0x100892e8                __mprec_bigtens
 .rodata.__mprec_tens
                0x10089310       0xc8 c:/program files (x86)/cypress/psoc creator/4.4/psoc creator/import/gnu/arm/5.4.1/bin/../lib/gcc/arm-none-eabi/5.4.1/../../../../arm-none-eabi/lib/armv7e-m/softfp\libg_nano.a(lib_a-mprec.o)
                0x10089310                __mprec_tens
 .rodata.str1.1
                0x100893d8       0x11 c:/program files (x86)/cypress/psoc creator/4.4/psoc creator/import/gnu/arm/5.4.1/bin/../lib/gcc/arm-none-eabi/5.4.1/../../../../arm-none-eabi/lib/armv7e-m/softfp\libg_nano.a(lib_a-nano-vfprintf.o)
 *(.eh_frame*)
 *fill*         0x100893e9        0x3 
 .eh_frame      0x100893ec        0x0 c:/program files (x86)/cypress/psoc creator/4.4/psoc creator/import/gnu/arm/5.4.1/bin/../lib/gcc/arm-none-eabi/5.4.1/armv7e-m/softfp/crtbegin.o
 .eh_frame      0x100893ec        0x4 c:/program files (x86)/cypress/psoc creator/4.4/psoc creator/import/gnu/arm/5.4.1/bin/../lib/gcc/arm-none-eabi/5.4.1/armv7e-m/softfp/crtend.o

.glue_7         0x100893f0        0x0
 .glue_7        0x100893f0        0x0 linker stubs

.glue_7t        0x100893f0        0x0
 .glue_7t       0x100893f0        0x0 linker stubs

.vfp11_veneer   0x100893f0        0x0
 .vfp11_veneer  0x100893f0        0x0 linker stubs

.v4_bx          0x100893f0        0x0
 .v4_bx         0x100893f0        0x0 linker stubs

.iplt           0x100893f0        0x0
 .iplt          0x100893f0        0x0 c:/program files (x86)/cypress/psoc creator/4.4/psoc creator/import/gnu/arm/5.4.1/bin/../lib/gcc/arm-none-eabi/5.4.1/armv7e-m/softfp/crtbegin.o

i.CyBleStackMgr_Init
                0x100893f0       0xdc
 i.CyBleStackMgr_Init
                0x100893f0       0xdc Generated_Source\PSoC6\pdl\middleware\ble\lib\cy_ble_stack_gcc_host_ipc_cm4.a(CyBleStackMgrIP_Interface.o)
                0x100893f0                CyBleStackMgr_Init

i.CyBleStackMgr_ProcessBleEvents
                0x100894cc       0x14
 i.CyBleStackMgr_ProcessBleEvents
                0x100894cc       0x14 Generated_Source\PSoC6\pdl\middleware\ble\lib\cy_ble_stack_gcc_host_ipc_cm4.a(CyBleStackMgrIP_Interface.o)
                0x100894cc                CyBleStackMgr_ProcessBleEvents

i.CyBleStackMgr_Shutdown
                0x100894e0       0x20
 i.CyBleStackMgr_Shutdown
                0x100894e0       0x20 Generated_Source\PSoC6\pdl\middleware\ble\lib\cy_ble_stack_gcc_host_ipc_cm4.a(CyBleStackMgrIP_Interface.o)
                0x100894e0                CyBleStackMgr_Shutdown

i.CyBle_GetHeapMemory
                0x10089500       0x3c
 i.CyBle_GetHeapMemory
                0x10089500       0x3c Generated_Source\PSoC6\pdl\middleware\ble\lib\cy_ble_stack_gcc_host_ipc_cm4.a(CyBleStackMgrIP_Interface.o)
                0x10089500                CyBle_GetHeapMemory

i.CyBle_GetNumAppBufferPools
                0x1008953c        0xc
 i.CyBle_GetNumAppBufferPools
                0x1008953c        0xc Generated_Source\PSoC6\pdl\middleware\ble\lib\cy_ble_stack_gcc_host_ipc_cm4.a(CyBleStackMgrIP_Interface.o)
                0x1008953c                CyBle_GetNumAppBufferPools

i.CyBle_HostStackBufferPoolInit
                0x10089548       0xc4
 i.CyBle_HostStackBufferPoolInit
                0x10089548       0xc4 Generated_Source\PSoC6\pdl\middleware\ble\lib\cy_ble_stack_gcc_host_ipc_cm4.a(CyBleStackMgrIP_Interface.o)

i.CyBle_SortBufers
                0x1008960c       0x40
 i.CyBle_SortBufers
                0x1008960c       0x40 Generated_Source\PSoC6\pdl\middleware\ble\lib\cy_ble_stack_gcc_host_ipc_cm4.a(CyBleStackMgrIP_Interface.o)
                0x1008960c                CyBle_SortBufers

i.CyBle_StackGetConfigPtr
                0x1008964c        0x8
 i.CyBle_StackGetConfigPtr
                0x1008964c        0x8 Generated_Source\PSoC6\pdl\middleware\ble\lib\cy_ble_stack_gcc_host_ipc_cm4.a(CyBleStackMgrIP_Interface.o)
                0x1008964c                CyBle_StackGetConfigPtr

i.Cy_BLE_EnablePrivacyFeature
                0x10089654        0x4
 i.Cy_BLE_EnablePrivacyFeature
                0x10089654        0x4 Generated_Source\PSoC6\pdl\middleware\ble\lib\cy_ble_stack_gcc_host_ipc_cm4.a(CyBleStackMgrIP_Interface.o)
                0x10089654                Cy_BLE_EnablePrivacyFeature

i.Cy_BLE_ProcessEvents
                0x10089658        0x4
 i.Cy_BLE_ProcessEvents
                0x10089658        0x4 Generated_Source\PSoC6\pdl\middleware\ble\lib\cy_ble_stack_gcc_host_ipc_cm4.a(CyBleStackMgrIP_Interface.o)
                0x10089658                Cy_BLE_ProcessEvents

i.Cy_BLE_StackEnterLPM
                0x1008965c       0x16
 i.Cy_BLE_StackEnterLPM
                0x1008965c       0x16 Generated_Source\PSoC6\pdl\middleware\ble\lib\cy_ble_stack_gcc_host_ipc_cm4.a(CyBleStackMgrIP_Interface.o)
                0x1008965c                Cy_BLE_StackEnterLPM

i.Cy_BLE_StackGetBleSsState
                0x10089672        0x4
 i.Cy_BLE_StackGetBleSsState
                0x10089672        0x4 Generated_Source\PSoC6\pdl\middleware\ble\lib\cy_ble_stack_gcc_host_ipc_cm4.a(CyBleStackMgrIP_Interface.o)
                0x10089672                Cy_BLE_StackGetBleSsState

i.Cy_BLE_StackGetFeatureConfig
                0x10089678       0x20
 i.Cy_BLE_StackGetFeatureConfig
                0x10089678       0x20 Generated_Source\PSoC6\pdl\middleware\ble\lib\cy_ble_stack_gcc_host_ipc_cm4.a(CyBleStackMgrIP_Interface.o)
                0x10089678                Cy_BLE_StackGetFeatureConfig

i.Cy_BLE_StackInit
                0x10089698       0x70
 i.Cy_BLE_StackInit
                0x10089698       0x70 Generated_Source\PSoC6\pdl\middleware\ble\lib\cy_ble_stack_gcc_host_ipc_cm4.a(CyBleStackMgrIP_Interface.o)
                0x10089698                Cy_BLE_StackInit

i.Cy_BLE_StackSetFeatureConfig
                0x10089708       0x54
 i.Cy_BLE_StackSetFeatureConfig
                0x10089708       0x54 Generated_Source\PSoC6\pdl\middleware\ble\lib\cy_ble_stack_gcc_host_ipc_cm4.a(CyBleStackMgrIP_Interface.o)
                0x10089708                Cy_BLE_StackSetFeatureConfig

i.ble_stack_idle_task_callback
                0x1008975c        0x2
 i.ble_stack_idle_task_callback
                0x1008975c        0x2 Generated_Source\PSoC6\pdl\middleware\ble\lib\cy_ble_stack_gcc_host_ipc_cm4.a(CyBleStackMgrIP_Interface.o)
                0x1008975c                ble_stack_idle_task_callback

i.BT_OSFreeBuf  0x10089760       0x20
 i.BT_OSFreeBuf
                0x10089760       0x20 Generated_Source\PSoC6\pdl\middleware\ble\lib\cy_ble_stack_gcc_host_ipc_cm4.a(BT_os.o)
                0x10089760                BT_OSFreeBuf

i.BT_OSGetBuF   0x10089780       0x30
 i.BT_OSGetBuF  0x10089780       0x30 Generated_Source\PSoC6\pdl\middleware\ble\lib\cy_ble_stack_gcc_host_ipc_cm4.a(BT_os.o)
                0x10089780                BT_OSGetBuF

i.BT_OSMemCreate
                0x100897b0       0x3c
 i.BT_OSMemCreate
                0x100897b0       0x3c Generated_Source\PSoC6\pdl\middleware\ble\lib\cy_ble_stack_gcc_host_ipc_cm4.a(BT_os.o)
                0x100897b0                BT_OSMemCreate

i.BT_alloc_mem_ext
                0x100897ec       0x40
 i.BT_alloc_mem_ext
                0x100897ec       0x40 Generated_Source\PSoC6\pdl\middleware\ble\lib\cy_ble_stack_gcc_host_ipc_cm4.a(BT_os.o)
                0x100897ec                BT_alloc_mem_ext

i.BT_free_mem   0x1008982c        0xa
 i.BT_free_mem  0x1008982c        0xa Generated_Source\PSoC6\pdl\middleware\ble\lib\cy_ble_stack_gcc_host_ipc_cm4.a(BT_os.o)
                0x1008982c                BT_free_mem

i.bt_stack_create_buffer_pool
                0x10089838       0x2c
 i.bt_stack_create_buffer_pool
                0x10089838       0x2c Generated_Source\PSoC6\pdl\middleware\ble\lib\cy_ble_stack_gcc_host_ipc_cm4.a(BT_os.o)
                0x10089838                bt_stack_create_buffer_pool

i.CyBle_CreateBleStackTask
                0x10089864       0x30
 i.CyBle_CreateBleStackTask
                0x10089864       0x30 Generated_Source\PSoC6\pdl\middleware\ble\lib\cy_ble_stack_gcc_host_ipc_cm4.a(CyBleStackMgr_StackTaskHandler.o)
                0x10089864                CyBle_CreateBleStackTask

i.CyBle_SignalBleStackTask
                0x10089894       0x38
 i.CyBle_SignalBleStackTask
                0x10089894       0x38 Generated_Source\PSoC6\pdl\middleware\ble\lib\cy_ble_stack_gcc_host_ipc_cm4.a(CyBleStackMgr_StackTaskHandler.o)
                0x10089894                CyBle_SignalBleStackTask

i.CyBle_StackTaskHandler
                0x100898cc       0x74
 i.CyBle_StackTaskHandler
                0x100898cc       0x74 Generated_Source\PSoC6\pdl\middleware\ble\lib\cy_ble_stack_gcc_host_ipc_cm4.a(CyBleStackMgr_StackTaskHandler.o)
                0x100898cc                CyBle_StackTaskHandler

i.IsStackTaskFree
                0x10089940        0xc
 i.IsStackTaskFree
                0x10089940        0xc Generated_Source\PSoC6\pdl\middleware\ble\lib\cy_ble_stack_gcc_host_ipc_cm4.a(CyBleStackMgr_StackTaskHandler.o)
                0x10089940                IsStackTaskFree

i.storage_bt_init_pl
                0x1008994c       0x8c
 i.storage_bt_init_pl
                0x1008994c       0x8c Generated_Source\PSoC6\pdl\middleware\ble\lib\cy_ble_stack_gcc_host_ipc_cm4.a(storage_pl.o)
                0x1008994c                storage_bt_init_pl

i.storage_bt_reset_offset
                0x100899d8       0x3c
 i.storage_bt_reset_offset
                0x100899d8       0x3c Generated_Source\PSoC6\pdl\middleware\ble\lib\cy_ble_stack_gcc_host_ipc_cm4.a(storage_pl.o)
                0x100899d8                storage_bt_reset_offset

i.storage_manager_init
                0x10089a14       0x58
 i.storage_manager_init
                0x10089a14       0x58 Generated_Source\PSoC6\pdl\middleware\ble\lib\cy_ble_stack_gcc_host_ipc_cm4.a(storage_pl.o)
                0x10089a14                storage_manager_init

i.storage_manager_register_module
                0x10089a6c       0x68
 i.storage_manager_register_module
                0x10089a6c       0x68 Generated_Source\PSoC6\pdl\middleware\ble\lib\cy_ble_stack_gcc_host_ipc_cm4.a(storage_pl.o)
                0x10089a6c                storage_manager_register_module

i.storage_validate_init_params
                0x10089ad4       0x98
 i.storage_validate_init_params
                0x10089ad4       0x98 Generated_Source\PSoC6\pdl\middleware\ble\lib\cy_ble_stack_gcc_host_ipc_cm4.a(storage_pl.o)
                0x10089ad4                storage_validate_init_params

i.OS_init       0x10089b6c       0x64
 i.OS_init      0x10089b6c       0x64 Generated_Source\PSoC6\pdl\middleware\ble\lib\cy_ble_stack_gcc_host_ipc_cm4.a(mint_os.o)
                0x10089b6c                OS_init

i.OS_shutdown   0x10089bd0        0x4
 i.OS_shutdown  0x10089bd0        0x4 Generated_Source\PSoC6\pdl\middleware\ble\lib\cy_ble_stack_gcc_host_ipc_cm4.a(mint_os.o)
                0x10089bd0                OS_shutdown
